Microchip MPLAB XC8 Compiler V2.00 ()

Linker command line:

-W-3 --edf=/Applications/microchip/xc8/v2.00/pic/dat/en_msgs.txt -cs \
  -h+dist/default/debug/ecm.debug.sym \
  --cmf=dist/default/debug/ecm.debug.cmf -z -Q18F4331 -o/tmp/xcsbc4SIi \
  --defsym=__MPLAB_BUILD=1 -Mdist/default/debug/ecm.debug.map -E1 -ver=XC8 \
  --acfsm=1493 -ASTACK=0F2h-02f3h -pstack=STACK -ACODE=00h-01DBFh \
  -ACONST=00h-01DBFh -ASMALLCONST=0300h-03FFhx26,01D00h-01DBFh \
  -AMEDIUMCONST=0300h-01DBFh -ACOMRAM=01h-05Fh -AABS1=00h-02F3h \
  -ABIGRAM=01h-02F3h -ARAM=060h-0FFh,0100h-01FFh,0200h-02F3h \
  -ABANK0=060h-0FFh -ABANK1=0100h-01FFh -ABANK2=0200h-02F3h \
  -ASFR=0F60h-0F9Bh,0F9Dh-0FD3h,0FD5h-0FDAh,0FE0h-0FE2h,0FE8h-0FEAh,0FF0h-0FFCh \
  -preset_vec=00h,intcode=08h,intcodelo,powerup,init -pramtop=0300h \
  -psmallconst=SMALLCONST -pmediumconst=MEDIUMCONST -pconst=CONST \
  -AFARRAM=00h-00h -ACONFIG=0300000h-030000Dh -pconfig=CONFIG \
  -AIDLOC=0200000h-0200007h -pidloc=IDLOC -AEEDATA=0F00000h-0F000FFh \
  -peeprom_data=EEDATA \
  -prdata=COMRAM,nvrram=COMRAM,nvbit=COMRAM,rbss=COMRAM,rbit=COMRAM \
  -pfarbss=FARRAM,fardata=FARRAM,nvFARRAM=FARRAM \
  -pintsave_regs=BIGRAM,bigbss=BIGRAM,bigdata=BIGRAM -pbss=RAM \
  -pidata=CODE,irdata=CODE,ibigdata=CODE,ifardata=CODE -prparam=COMRAM \
  /tmp/xcvwpJCZF.o dist/default/debug/ecm.debug.o 

Object code version is 3.11

Machine type is 18F4331

Call graph: (short form)




                Name                               Link     Load   Length Selector   Space Scale
/tmp/xcvwpJCZF.o
                init                                 88       88        4        4       0
                reset_vec                             0        0        4        0       0
                idloc                            200000   200000        8   200000       0
                config                           300000   300000        E   300000       0
dist/default/debug/ecm.debug.o
                intcode                               8        8       80        4       0
                temp                                 5A       5A        1        1       1
                smallconst                          300      300       34      180       0
                text38                             1D02     1D02       16      19A       0
                text37                             195E     195E       78      19A       0
                text36                             1C00     1C00       2C      19A       0
                text35                             12D4     12D4       EA      19A       0
                text34                             185E     185E       84      19A       0
                text33                             1C54     1C54       26      19A       0
                text32                              DCC      DCC      182      19A       0
                text31                             11BA     11BA      11A      19A       0
                text30                             1D28     1D28        E      19A       0
                text29                             1C7A     1C7A       1E      19A       0
                text28                             1CE8     1CE8       1A      19A       0
                text27                             1CCE     1CCE       1A      19A       0
                text26                             1CB4     1CB4       1A      19A       0
                text25                             1D18     1D18       10      19A       0
                text24                             1C98     1C98       1C      19A       0
                text23                             1BD0     1BD0       30      19A       0
                text22                             1BA0     1BA0       30      19A       0
                text21                              F4E      F4E      148      19A       0
                text20                             1096     1096      124      19A       0
                text19                             1B6E     1B6E       32      19A       0
                text18                             1D36     1D36        2      19A       0
                text17                             15FC     15FC       A0      19A       0
                text16                             1B36     1B36       38      19A       0
                text15                             1AFC     1AFC       3A      19A       0
                text14                             17C8     17C8       96      19A       0
                text13                              5C4      5C4      24C      19A       0
                text12                             13BE     13BE       CE      19A       0
                text11                             154E     154E       AE      19A       0
                text10                              C14      C14      1B8      19A       0
                text9                               810      810      226      19A       0
                text8                              1AA6     1AA6       56      19A       0
                text7                              1A4C     1A4C       5A      19A       0
                text6                              148C     148C       C2      19A       0
                text5                              18E2     18E2       7C      19A       0
                text4                               A36      A36      1DE      19A       0
                text3                              19D6     19D6       76      19A       0
                text2                              1732     1732       96      19A       0
                text1                              169C     169C       96      19A       0
                text0                               334      334      290      19A       0
                cstackCOMRAM                          1        1       54        1       1
                cstackBANK0                          60       60       5A       60       1
                bssBANK0                             BA       BA       38       60       1
                bssCOMRAM                            55       55        5        1       1
                cinit                              1C2C     1C2C       28      19A       0

TOTAL           Name                               Link     Load   Length     Space
        CLASS   STACK          

        CLASS   CODE           
                intcode                               8        8       80         0
                init                                 88       88        4         0
                reset_vec                             0        0        4         0
                text38                             1D02     1D02       16         0
                text37                             195E     195E       78         0
                text36                             1C00     1C00       2C         0
                text35                             12D4     12D4       EA         0
                text34                             185E     185E       84         0
                text33                             1C54     1C54       26         0
                text32                              DCC      DCC      182         0
                text31                             11BA     11BA      11A         0
                text30                             1D28     1D28        E         0
                text29                             1C7A     1C7A       1E         0
                text28                             1CE8     1CE8       1A         0
                text27                             1CCE     1CCE       1A         0
                text26                             1CB4     1CB4       1A         0
                text25                             1D18     1D18       10         0
                text24                             1C98     1C98       1C         0
                text23                             1BD0     1BD0       30         0
                text22                             1BA0     1BA0       30         0
                text21                              F4E      F4E      148         0
                text20                             1096     1096      124         0
                text19                             1B6E     1B6E       32         0
                text18                             1D36     1D36        2         0
                text17                             15FC     15FC       A0         0
                text16                             1B36     1B36       38         0
                text15                             1AFC     1AFC       3A         0
                text14                             17C8     17C8       96         0
                text13                              5C4      5C4      24C         0
                text12                             13BE     13BE       CE         0
                text11                             154E     154E       AE         0
                text10                              C14      C14      1B8         0
                text9                               810      810      226         0
                text8                              1AA6     1AA6       56         0
                text7                              1A4C     1A4C       5A         0
                text6                              148C     148C       C2         0
                text5                              18E2     18E2       7C         0
                text4                               A36      A36      1DE         0
                text3                              19D6     19D6       76         0
                text2                              1732     1732       96         0
                text1                              169C     169C       96         0
                text0                               334      334      290         0
                cinit                              1C2C     1C2C       28         0

        CLASS   CONST          

        CLASS   SMALLCONST     
                smallconst                          300      300       34         0

        CLASS   MEDIUMCONST    

        CLASS   COMRAM         
                temp                                 5A       5A        1         1
                cstackCOMRAM                          1        1       54         1
                bssCOMRAM                            55       55        5         1

        CLASS   ABS1           

        CLASS   BIGRAM         

        CLASS   RAM            

        CLASS   BANK0          
                cstackBANK0                          60       60       5A         1
                bssBANK0                             BA       BA       38         1

        CLASS   BANK1          

        CLASS   BANK2          

        CLASS   SFR            

        CLASS   FARRAM         

        CLASS   CONFIG         
                config                           300000   300000        E         0

        CLASS   IDLOC          
                idloc                            200000   200000        8         0

        CLASS   EEDATA         



SEGMENTS        Name                           Load    Length   Top    Selector   Space  Class

                reset_vec                      000000  000004  000004         0       0  CODE    
                cstackCOMRAM                   000001  00005A  00005B         1       1  COMRAM  
                intcode                        000008  000084  00008C         4       0  CODE    
                cstackBANK0                    000060  000092  0000F2        60       1  BANK0   
                smallconst                     000300  000034  000334       180       0  SMALLCON
                text0                          000334  001A04  001D38       19A       0  CODE    
                idloc                          200000  000008  200008    200000       0  IDLOC   
                config                         300000  00000E  30000E    300000       0  CONFIG  


UNUSED ADDRESS RANGES

        Name                Unused          Largest block    Delta
        BANK0            0000F2-0000FF                E
        BANK1            000100-0001FF              100
        BANK2            000200-0002F3               F4
        BIGRAM           00005B-00005F                5
                         0000F2-0002F3              202
        CODE             000004-000007                4
                         00008C-0002FF              274
                         001D38-001DBF               88
        COMRAM           00005B-00005F                5
        CONST            000004-000007                4
                         00008C-0002FF              274
                         001D38-001DBF               88
        EEDATA           F00000-F000FF              100
        MEDIUMCONST      001D38-001DBF               88
        RAM              0000F2-0002F3              100
        SFR              000F60-000F9B               3C
                         000F9D-000FD3               37
                         000FD5-000FDA                6
                         000FE0-000FE2                3
                         000FE8-000FEA                3
                         000FF0-000FFC                D
        SMALLCONST       001D38-001DBF               88
        STACK            0000F2-0002F3              202

                                  Symbol Table

?___aodiv                      cstackCOMRAM 000006
?___aomod                      cstackCOMRAM 000006
?___awdiv                      cstackCOMRAM 00000C
?___lodiv                      cstackCOMRAM 000006
?___lomod                      cstackCOMRAM 000006
?___wmul                       cstackCOMRAM 000006
?_abs                          cstackCOMRAM 000018
?_dtoa                         cstackCOMRAM 000021
?_pad                          cstackCOMRAM 000016
?_sprintf                      cstackBANK0  000072
?_strlen                       cstackCOMRAM 000006
?_utoa                         cstackCOMRAM 000021
?_vfpfcnvrt                    cstackCOMRAM 000045
?_vfprintf                     cstackCOMRAM 00004F
InterruptHandlerHigh@count     bssCOMRAM    000059
InterruptHandlerHigh@rx_char   cstackCOMRAM 000005
LCD_line@line                  cstackCOMRAM 00000A
LCD_out@number                 cstackCOMRAM 000007
LCD_send@Byte                  cstackCOMRAM 000009
LCD_send@type                  cstackCOMRAM 000008
LCD_string@string              cstackCOMRAM 00000A
_ANSEL0                        (abs)        000FB8
_ANSEL1                        (abs)        000FB9
_BAUDCONbits                   (abs)        000FAA
_CAP1BUFH                      (abs)        000F69
_CAP1BUFL                      (abs)        000F68
_CAP1CON                       (abs)        000F63
_CAP2BUFH                      (abs)        000F67
_CAP2BUFL                      (abs)        000F66
_CAP2CON                       (abs)        000F62
_DFLTCON                       (abs)        000F60
_Direction                     bssBANK0     0000C0
_E_TOG                         text38       001D02
_INTCON2bits                   (abs)        000FF1
_INTCON3bits                   (abs)        000FF0
_INTCONbits                    (abs)        000FF2
_InterruptHandlerHigh          intcode      000008
_LATA                          (abs)        000F89
_LATB                          (abs)        000F8A
_LATC                          (abs)        000F8B
_LATCbits                      (abs)        000F8B
_LATD                          (abs)        000F8C
_LCD_clear                     text24       001C98
_LCD_init                      text35       0012D4
_LCD_line                      text23       001BD0
_LCD_out                       text37       00195E
_LCD_send                      text36       001C00
_LCD_string                    text22       001BA0
_OSCCON                        (abs)        000FD3
_OSCCONbits                    (abs)        000FD3
_PDC0H                         (abs)        000F78
_PDC0L                         (abs)        000F79
_PDC1H                         (abs)        000F76
_PDC1L                         (abs)        000F77
_PIE1bits                      (abs)        000F9D
_PIR1bits                      (abs)        000F9E
_PORTAbits                     (abs)        000F80
_PORTCbits                     (abs)        000F82
_PORTDbits                     (abs)        000F83
_PTCON0                        (abs)        000F7F
_PTCON1                        (abs)        000F7E
_PTPERH                        (abs)        000F7A
_PTPERL                        (abs)        000F7B
_PWMCON0                       (abs)        000F6F
_PWMCON1                       (abs)        000F6E
_RCREG                         (abs)        000FAE
_RCSTAbits                     (abs)        000FAB
_SPBRG                         (abs)        000FAF
_SPBRGH                        (abs)        000FB0
_T0CONbits                     (abs)        000FD5
_T5CON                         (abs)        000FB7
_T5CONbits                     (abs)        000FB7
_TMR0H                         (abs)        000FD7
_TMR0L                         (abs)        000FD6
_TRISA                         (abs)        000F92
_TRISB                         (abs)        000F93
_TRISC                         (abs)        000F94
_TRISCbits                     (abs)        000F94
_TRISD                         (abs)        000F95
_TXSTAbits                     (abs)        000FAC
__CFG_LVP$OFF                  (abs)        000000
__CFG_MCLRE$OFF                (abs)        000000
__CFG_OSC$IRCIO                (abs)        000000
__HRAM                         (abs)        000000
__Habs1                        abs1         000000
__Hbank0                       bank0        000000
__Hbank1                       bank1        000000
__Hbank2                       bank2        000000
__Hbigbss                      bigbss       000000
__Hbigdata                     bigdata      000000
__Hbigram                      bigram       000000
__Hbss                         bss          000000
__HbssBANK0                    bssBANK0     000000
__HbssCOMRAM                   bssCOMRAM    000000
__Hcinit                       cinit        000000
__Hclrtext                     clrtext      000000
__Hcomram                      comram       000000
__Hconfig                      config       30000E
__Hconst                       const        000000
__HcstackBANK0                 cstackBANK0  000000
__HcstackCOMRAM                cstackCOMRAM 000000
__Hdata                        data         000000
__Heeprom_data                 eeprom_data  000000
__Hfarbss                      farbss       000000
__Hfardata                     fardata      000000
__Hibigdata                    ibigdata     000000
__Hidata                       idata        000000
__Hidloc                       idloc        200008
__Hifardata                    ifardata     000000
__Hinit                        init         00008C
__Hintcode                     intcode      000088
__Hintcode_body                intcode_body 000000
__Hintcodelo                   intcodelo    000088
__Hintentry                    intentry     000000
__Hintret                      intret       000000
__Hintsave_regs                intsave_regs 000000
__Hirdata                      irdata       000000
__Hmediumconst                 mediumconst  000000
__HnvFARRAM                    nvFARRAM     000000
__Hnvbit                       nvbit        000000
__Hnvrram                      nvrram       000000
__Hparam                       rparam       000000
__Hpowerup                     powerup      000088
__Hram                         ram          000000
__Hramtop                      ramtop       000300
__Hrbit                        rbit         000000
__Hrbss                        rbss         000000
__Hrdata                       rdata        000000
__Hreset_vec                   reset_vec    000004
__Hrparam                      rparam       000000
__Hsfr                         sfr          000000
__Hsmallconst                  smallconst   000334
__Hspace_0                     (abs)        30000E
__Hspace_1                     (abs)        0000F2
__Hspace_2                     (abs)        000000
__Hstack                       stack        000000
__Hstruct                      struct       000000
__Htemp                        temp         00005B
__Htext                        text         000000
__Htext0                       text0        000000
__Htext1                       text1        000000
__Htext10                      text10       000000
__Htext11                      text11       000000
__Htext12                      text12       000000
__Htext13                      text13       000000
__Htext14                      text14       000000
__Htext15                      text15       000000
__Htext16                      text16       000000
__Htext17                      text17       000000
__Htext18                      text18       000000
__Htext19                      text19       000000
__Htext2                       text2        000000
__Htext20                      text20       000000
__Htext21                      text21       000000
__Htext22                      text22       000000
__Htext23                      text23       000000
__Htext24                      text24       000000
__Htext25                      text25       000000
__Htext26                      text26       000000
__Htext27                      text27       000000
__Htext28                      text28       000000
__Htext29                      text29       000000
__Htext3                       text3        000000
__Htext30                      text30       000000
__Htext31                      text31       000000
__Htext32                      text32       000000
__Htext33                      text33       000000
__Htext34                      text34       000000
__Htext35                      text35       000000
__Htext36                      text36       000000
__Htext37                      text37       000000
__Htext38                      text38       000000
__Htext4                       text4        000000
__Htext5                       text5        000000
__Htext6                       text6        000000
__Htext7                       text7        000000
__Htext8                       text8        000000
__Htext9                       text9        000000
__LRAM                         (abs)        000001
__Labs1                        abs1         000000
__Lbank0                       bank0        000000
__Lbank1                       bank1        000000
__Lbank2                       bank2        000000
__Lbigbss                      bigbss       000000
__Lbigdata                     bigdata      000000
__Lbigram                      bigram       000000
__Lbss                         bss          000000
__LbssBANK0                    bssBANK0     000000
__LbssCOMRAM                   bssCOMRAM    000000
__Lcinit                       cinit        000000
__Lclrtext                     clrtext      000000
__Lcomram                      comram       000000
__Lconfig                      config       300000
__Lconst                       const        000000
__LcstackBANK0                 cstackBANK0  000000
__LcstackCOMRAM                cstackCOMRAM 000000
__Ldata                        data         000000
__Leeprom_data                 eeprom_data  000000
__Lfarbss                      farbss       000000
__Lfardata                     fardata      000000
__Libigdata                    ibigdata     000000
__Lidata                       idata        000000
__Lidloc                       idloc        200000
__Lifardata                    ifardata     000000
__Linit                        init         000088
__Lintcode                     intcode      000008
__Lintcode_body                intcode_body 000000
__Lintcodelo                   intcodelo    000088
__Lintentry                    intentry     000000
__Lintret                      intret       000000
__Lintsave_regs                intsave_regs 000000
__Lirdata                      irdata       000000
__Lmediumconst                 mediumconst  000000
__LnvFARRAM                    nvFARRAM     000000
__Lnvbit                       nvbit        000000
__Lnvrram                      nvrram       000000
__Lparam                       rparam       000000
__Lpowerup                     powerup      000088
__Lram                         ram          000000
__Lramtop                      ramtop       000300
__Lrbit                        rbit         000000
__Lrbss                        rbss         000000
__Lrdata                       rdata        000000
__Lreset_vec                   reset_vec    000000
__Lrparam                      rparam       000000
__Lsfr                         sfr          000000
__Lsmallconst                  smallconst   000300
__Lspace_0                     (abs)        000000
__Lspace_1                     (abs)        000000
__Lspace_2                     (abs)        000000
__Lstack                       stack        000000
__Lstruct                      struct       000000
__Ltemp                        temp         00005A
__Ltext                        text         000000
__Ltext0                       text0        000000
__Ltext1                       text1        000000
__Ltext10                      text10       000000
__Ltext11                      text11       000000
__Ltext12                      text12       000000
__Ltext13                      text13       000000
__Ltext14                      text14       000000
__Ltext15                      text15       000000
__Ltext16                      text16       000000
__Ltext17                      text17       000000
__Ltext18                      text18       000000
__Ltext19                      text19       000000
__Ltext2                       text2        000000
__Ltext20                      text20       000000
__Ltext21                      text21       000000
__Ltext22                      text22       000000
__Ltext23                      text23       000000
__Ltext24                      text24       000000
__Ltext25                      text25       000000
__Ltext26                      text26       000000
__Ltext27                      text27       000000
__Ltext28                      text28       000000
__Ltext29                      text29       000000
__Ltext3                       text3        000000
__Ltext30                      text30       000000
__Ltext31                      text31       000000
__Ltext32                      text32       000000
__Ltext33                      text33       000000
__Ltext34                      text34       000000
__Ltext35                      text35       000000
__Ltext36                      text36       000000
__Ltext37                      text37       000000
__Ltext38                      text38       000000
__Ltext4                       text4        000000
__Ltext5                       text5        000000
__Ltext6                       text6        000000
__Ltext7                       text7        000000
__Ltext8                       text8        000000
__Ltext9                       text9        000000
__S0                           (abs)        30000E
__S1                           (abs)        0000F2
__S2                           (abs)        000000
___aodiv                       text21       000F4E
___aodiv@counter               cstackCOMRAM 000016
___aodiv@dividend              cstackCOMRAM 000006
___aodiv@divisor               cstackCOMRAM 00000E
___aodiv@quotient              cstackCOMRAM 000018
___aodiv@sign                  cstackCOMRAM 000017
___aomod                       text20       001096
___aomod@counter               cstackCOMRAM 000016
___aomod@dividend              cstackCOMRAM 000006
___aomod@divisor               cstackCOMRAM 00000E
___aomod@sign                  cstackCOMRAM 000017
___awdiv                       text34       00185E
___awdiv@counter               cstackCOMRAM 000010
___awdiv@dividend              cstackCOMRAM 00000C
___awdiv@divisor               cstackCOMRAM 00000E
___awdiv@quotient              cstackCOMRAM 000012
___awdiv@sign                  cstackCOMRAM 000011
___inthi_sp                    stack        000000
___intlo_sp                    stack        000000
___lodiv                       text12       0013BE
___lodiv@counter               cstackCOMRAM 00001E
___lodiv@dividend              cstackCOMRAM 000006
___lodiv@divisor               cstackCOMRAM 00000E
___lodiv@quotient              cstackCOMRAM 000016
___lomod                       text11       00154E
___lomod@counter               cstackCOMRAM 000016
___lomod@dividend              cstackCOMRAM 000006
___lomod@divisor               cstackCOMRAM 00000E
___param_bank                  (abs)        000000
___rparam_used                 (abs)        000001
___sp                          stack        000000
___wmul                        text33       001C54
___wmul@multiplicand           cstackCOMRAM 000008
___wmul@multiplier             cstackCOMRAM 000006
___wmul@product                cstackCOMRAM 00000A
__accesstop                    (abs)        000060
__activetblptr                 (abs)        000001
__end_of_E_TOG                 text38       001D18
__end_of_InterruptHandlerHigh  intcode      000088
__end_of_LCD_clear             text24       001CB4
__end_of_LCD_init              text35       0013BE
__end_of_LCD_line              text23       001C00
__end_of_LCD_out               text37       0019D6
__end_of_LCD_send              text36       001C2C
__end_of_LCD_string            text22       001BD0
__end_of___aodiv               text21       001096
__end_of___aomod               text20       0011BA
__end_of___awdiv               text34       0018E2
__end_of___lodiv               text12       00148C
__end_of___lomod               text11       0015FC
__end_of___wmul                text33       001C7A
__end_of__initialization       cinit        001C42
__end_of_abs                   text19       001BA0
__end_of_dtoa                  text13       000810
__end_of_forwards              text31       0012D4
__end_of_fputc                 text17       00169C
__end_of_fputs                 text16       001B6E
__end_of_initEncoder           text30       001D36
__end_of_initPWM               text29       001C98
__end_of_init_RFID             text28       001D02
__end_of_init_TIMER5           text27       001CE8
__end_of_init_capture          text26       001CCE
__end_of_interrupt_EUSART      text25       001D28
__end_of_main                  text0        0005C4
__end_of_pad                   text14       00185E
__end_of_print_IR              text6        00154E
__end_of_print_RFID            text5        00195E
__end_of_putch                 text18       001D38
__end_of_read_IR               text4        000C14
__end_of_setMotorPWM           text32       000F4E
__end_of_sprintf               text7        001AA6
__end_of_stop                  text3        001A4C
__end_of_strlen                text15       001B36
__end_of_turnLeft              text2        0017C8
__end_of_turnRight             text1        001732
__end_of_utoa                  text10       000DCC
__end_of_vfpfcnvrt             text9        000A36
__end_of_vfprintf              text8        001AFC
__initialization               cinit        001C2C
__mediumconst                  mediumconst  000000
__pbssBANK0                    bssBANK0     0000BA
__pbssCOMRAM                   bssCOMRAM    000055
__pcinit                       cinit        001C2C
__pcstackBANK0                 cstackBANK0  000060
__pcstackCOMRAM                cstackCOMRAM 000001
__pintcode                     intcode      000008
__psmallconst                  smallconst   000300
__ptext0                       text0        000334
__ptext1                       text1        00169C
__ptext10                      text10       000C14
__ptext11                      text11       00154E
__ptext12                      text12       0013BE
__ptext13                      text13       0005C4
__ptext14                      text14       0017C8
__ptext15                      text15       001AFC
__ptext16                      text16       001B36
__ptext17                      text17       0015FC
__ptext18                      text18       001D36
__ptext19                      text19       001B6E
__ptext2                       text2        001732
__ptext20                      text20       001096
__ptext21                      text21       000F4E
__ptext22                      text22       001BA0
__ptext23                      text23       001BD0
__ptext24                      text24       001C98
__ptext25                      text25       001D18
__ptext26                      text26       001CB4
__ptext27                      text27       001CCE
__ptext28                      text28       001CE8
__ptext29                      text29       001C7A
__ptext3                       text3        0019D6
__ptext30                      text30       001D28
__ptext31                      text31       0011BA
__ptext32                      text32       000DCC
__ptext33                      text33       001C54
__ptext34                      text34       00185E
__ptext35                      text35       0012D4
__ptext36                      text36       001C00
__ptext37                      text37       00195E
__ptext38                      text38       001D02
__ptext4                       text4        000A36
__ptext5                       text5        0018E2
__ptext6                       text6        00148C
__ptext7                       text7        001A4C
__ptext8                       text8        001AA6
__ptext9                       text9        000810
__ramtop                       ramtop       000300
__size_of_E_TOG                (abs)        000000
__size_of_InterruptHandlerHigh (abs)        000000
__size_of_LCD_clear            (abs)        000000
__size_of_LCD_init             (abs)        000000
__size_of_LCD_line             (abs)        000000
__size_of_LCD_out              (abs)        000000
__size_of_LCD_send             (abs)        000000
__size_of_LCD_string           (abs)        000000
__size_of___aodiv              (abs)        000000
__size_of___aomod              (abs)        000000
__size_of___awdiv              (abs)        000000
__size_of___lodiv              (abs)        000000
__size_of___lomod              (abs)        000000
__size_of___wmul               (abs)        000000
__size_of_abs                  (abs)        000000
__size_of_dtoa                 (abs)        000000
__size_of_forwards             (abs)        000000
__size_of_fputc                (abs)        000000
__size_of_fputs                (abs)        000000
__size_of_initEncoder          (abs)        000000
__size_of_initPWM              (abs)        000000
__size_of_init_RFID            (abs)        000000
__size_of_init_TIMER5          (abs)        000000
__size_of_init_capture         (abs)        000000
__size_of_interrupt_EUSART     (abs)        000000
__size_of_main                 (abs)        000000
__size_of_pad                  (abs)        000000
__size_of_print_IR             (abs)        000000
__size_of_print_RFID           (abs)        000000
__size_of_putch                (abs)        000000
__size_of_read_IR              (abs)        000000
__size_of_setMotorPWM          (abs)        000000
__size_of_sprintf              (abs)        000000
__size_of_stop                 (abs)        000000
__size_of_strlen               (abs)        000000
__size_of_turnLeft             (abs)        000000
__size_of_turnRight            (abs)        000000
__size_of_utoa                 (abs)        000000
__size_of_vfpfcnvrt            (abs)        000000
__size_of_vfprintf             (abs)        000000
__smallconst                   smallconst   000300
_abs                           text19       001B6E
_card_read                     bssBANK0     0000BF
_count_encoder                 bssBANK0     0000BE
_dbuf                          bssBANK0     0000C1
_dtoa                          text13       0005C4
_dtoa$1441                     cstackCOMRAM 000033
_flags                         bssCOMRAM    000057
_forwards                      text31       0011BA
_fputc                         text17       0015FC
_fputs                         text16       001B36
_initEncoder                   text30       001D28
_initPWM                       text29       001C7A
_init_RFID                     text28       001CE8
_init_TIMER5                   text27       001CCE
_init_capture                  text26       001CB4
_interrupt_EUSART              text25       001D18
_main                          text0        000334
_nout                          bssBANK0     0000BA
_pad                           text14       0017C8
_prec                          bssCOMRAM    000055
_print_IR                      text6        00148C
_print_RFID                    text5        0018E2
_putch                         text18       001D36
_read_IR                       text4        000A36
_setMotorPWM                   text32       000DCC
_sprintf                       text7        001A4C
_stop                          text3        0019D6
_string_rfid                   bssBANK0     0000E1
_strlen                        text15       001AFC
_turnLeft                      text2        001732
_turnRight                     text1        00169C
_utoa                          text10       000C14
_vfpfcnvrt                     text9        000810
_vfprintf                      text8        001AA6
_width                         bssBANK0     0000BC
abs@a                          cstackCOMRAM 000018
btemp                          temp         00005A
dtoa@d                         cstackCOMRAM 000023
dtoa@fp                        cstackCOMRAM 000021
dtoa@i                         cstackCOMRAM 000043
dtoa@n                         cstackCOMRAM 00003B
dtoa@p                         cstackCOMRAM 000035
dtoa@s                         cstackCOMRAM 000039
dtoa@w                         cstackCOMRAM 000037
end_of_initialization          cinit        001C42
forwards@mL                    cstackCOMRAM 00001B
forwards@mR                    cstackCOMRAM 00001D
fputc@c                        cstackCOMRAM 000006
fputc@fp                       cstackCOMRAM 000008
fputs@c                        cstackCOMRAM 000013
fputs@fp                       cstackCOMRAM 000011
fputs@i                        cstackCOMRAM 000014
fputs@s                        cstackCOMRAM 00000F
int$flags                      temp         00005A
intlevel0                      text         000000
intlevel1                      text         000000
intlevel2                      text         000000
intlevel3                      text         000000
main@PWMcycle                  cstackBANK0  000098
main@Values                    cstackBANK0  0000A0
main@diff                      cstackBANK0  00009A
main@direction                 cstackBANK0  00009E
main@mL                        cstackBANK0  0000A8
main@mR                        cstackBANK0  0000B1
main@threshold                 cstackBANK0  00009C
pad@buf                        cstackCOMRAM 000018
pad@fp                         cstackCOMRAM 000016
pad@i                          cstackCOMRAM 00001D
pad@p                          cstackCOMRAM 00001A
pad@w                          cstackCOMRAM 00001F
print_IR@Values                cstackBANK0  000082
print_IR@buf                   cstackBANK0  000085
print_RFID@dis                 cstackCOMRAM 00000D
print_RFID@pa                  cstackCOMRAM 00000B
read_IR@Values                 cstackCOMRAM 000006
setMotorPWM@PWMduty            cstackCOMRAM 000019
setMotorPWM@m                  cstackCOMRAM 000014
sprintf@ap                     cstackBANK0  00007A
sprintf@f                      cstackBANK0  00007C
sprintf@fmt                    cstackBANK0  000074
sprintf@ret                    cstackBANK0  000078
sprintf@s                      cstackBANK0  000072
stackhi                        (abs)        0002F3
stacklo                        (abs)        0000F2
start                          init         000088
start_initialization           cinit        001C2C
stop@mL                        cstackCOMRAM 00001B
stop@mR                        cstackCOMRAM 00001D
strlen@a                       cstackCOMRAM 00000A
strlen@s                       cstackCOMRAM 000006
ttemp5                         temp         00005B
ttemp6                         temp         00005E
ttemp7                         temp         000062
turnLeft@mL                    cstackCOMRAM 00001B
turnLeft@mR                    cstackCOMRAM 00001D
turnRight@mL                   cstackCOMRAM 00001B
turnRight@mR                   cstackCOMRAM 00001D
utoa@d                         cstackCOMRAM 000023
utoa@fp                        cstackCOMRAM 000021
utoa@i                         cstackCOMRAM 00003F
utoa@n                         cstackCOMRAM 000037
utoa@p                         cstackCOMRAM 000033
utoa@w                         cstackCOMRAM 000035
vfpfcnvrt@ap                   cstackCOMRAM 000049
vfpfcnvrt@fmt                  cstackCOMRAM 000047
vfpfcnvrt@fp                   cstackCOMRAM 000045
vfpfcnvrt@ll                   cstackBANK0  000060
vfpfcnvrt@llu                  cstackBANK0  000068
vfprintf@ap                    cstackCOMRAM 000053
vfprintf@cfmt                  cstackBANK0  000070
vfprintf@fmt                   cstackCOMRAM 000051
vfprintf@fp                    cstackCOMRAM 00004F
wtemp8                         temp         00005B


FUNCTION INFORMATION:

 *************** function _main *****************
 Defined at:
		line 59 in file "main.c"
 Parameters:    Size  Location     Type
		None
 Auto vars:     Size  Location     Type
  threshold       2   60[BANK0 ] int 
  diff            2   58[BANK0 ] int 
  direction       2   62[BANK0 ] int 
  mR              9   81[BANK0 ] struct Motor
  mL              9   72[BANK0 ] struct Motor
  Values          8   64[BANK0 ] struct Sensor_ir
  PWMcycle        2   56[BANK0 ] int 
 Return value:  Size  Location     Type
                  1    wreg      void 
 Registers used:
		wreg, fsr1l, fsr1h, fsr2l, fsr2h, status,2, status,0, tblptrl, tblptrh, tblptru, prodl, prodh, cstack
 Tracked objects:
		On entry : 
		On exit  : 
		Unchanged: 
 Data sizes:     COMRAM   BANK0   BANK1   BANK2
      Params:         0       0       0       0
      Locals:         0      34       0       0
      Temps:          0       3       0       0
      Totals:         0      37       0       0
Total ram usage:       37 bytes
 Hardware stack levels required when called:   10
 This function calls:
		_LCD_init
		_forwards
		_initEncoder
		_initPWM
		_init_RFID
		_init_TIMER5
		_init_capture
		_interrupt_EUSART
		_print_IR
		_print_RFID
		_read_IR
		_stop
		_turnLeft
		_turnRight
 This function is called by:
		Startup code after reset
 This function uses a non-reentrant model


 *************** function _turnRight *****************
 Defined at:
		line 106 in file "motor.c"
 Parameters:    Size  Location     Type
  mL              2   26[COMRAM] PTR struct Motor
		 -> main@mL(9), 
  mR              2   28[COMRAM] PTR struct Motor
		 -> main@mR(9), 
 Auto vars:     Size  Location     Type
		None
 Return value:  Size  Location     Type
                  1    wreg      void 
 Registers used:
		wreg, fsr2l, fsr2h, status,2, status,0, prodl, prodh, cstack
 Tracked objects:
		On entry : 
		On exit  : 
		Unchanged: 
 Data sizes:     COMRAM   BANK0   BANK1   BANK2
      Params:         4       0       0       0
      Locals:         0       0       0       0
      Temps:          1       0       0       0
      Totals:         5       0       0       0
Total ram usage:        5 bytes
 Hardware stack levels used:    1
 Hardware stack levels required when called:    3
 This function calls:
		_setMotorPWM
 This function is called by:
		_main
 This function uses a non-reentrant model


 *************** function _turnLeft *****************
 Defined at:
		line 88 in file "motor.c"
 Parameters:    Size  Location     Type
  mL              2   26[COMRAM] PTR struct Motor
		 -> main@mL(9), 
  mR              2   28[COMRAM] PTR struct Motor
		 -> main@mR(9), 
 Auto vars:     Size  Location     Type
		None
 Return value:  Size  Location     Type
                  1    wreg      void 
 Registers used:
		wreg, fsr2l, fsr2h, status,2, status,0, prodl, prodh, cstack
 Tracked objects:
		On entry : 
		On exit  : 
		Unchanged: 
 Data sizes:     COMRAM   BANK0   BANK1   BANK2
      Params:         4       0       0       0
      Locals:         0       0       0       0
      Temps:          1       0       0       0
      Totals:         5       0       0       0
Total ram usage:        5 bytes
 Hardware stack levels used:    1
 Hardware stack levels required when called:    3
 This function calls:
		_setMotorPWM
 This function is called by:
		_main
 This function uses a non-reentrant model


 *************** function _stop *****************
 Defined at:
		line 72 in file "motor.c"
 Parameters:    Size  Location     Type
  mL              2   26[COMRAM] PTR struct Motor
		 -> main@mL(9), 
  mR              2   28[COMRAM] PTR struct Motor
		 -> main@mR(9), 
 Auto vars:     Size  Location     Type
		None
 Return value:  Size  Location     Type
                  1    wreg      void 
 Registers used:
		wreg, fsr2l, fsr2h, status,2, status,0, prodl, prodh, cstack
 Tracked objects:
		On entry : 
		On exit  : 
		Unchanged: 
 Data sizes:     COMRAM   BANK0   BANK1   BANK2
      Params:         4       0       0       0
      Locals:         0       0       0       0
      Temps:          1       0       0       0
      Totals:         5       0       0       0
Total ram usage:        5 bytes
 Hardware stack levels used:    1
 Hardware stack levels required when called:    3
 This function calls:
		_setMotorPWM
 This function is called by:
		_main
 This function uses a non-reentrant model


 *************** function _read_IR *****************
 Defined at:
		line 38 in file "ir.c"
 Parameters:    Size  Location     Type
  Values          2    5[COMRAM] PTR struct Sensor_ir
		 -> main@Values(8), 
 Auto vars:     Size  Location     Type
		None
 Return value:  Size  Location     Type
                  1    wreg      void 
 Registers used:
		wreg, fsr1l, fsr1h, fsr2l, fsr2h, status,2, status,0
 Tracked objects:
		On entry : 
		On exit  : 
		Unchanged: 
 Data sizes:     COMRAM   BANK0   BANK1   BANK2
      Params:         2       0       0       0
      Locals:         0       0       0       0
      Temps:          4       0       0       0
      Totals:         6       0       0       0
Total ram usage:        6 bytes
 Hardware stack levels used:    1
 Hardware stack levels required when called:    1
 This function calls:
		Nothing
 This function is called by:
		_main
 This function uses a non-reentrant model


 *************** function _print_RFID *****************
 Defined at:
		line 25 in file "rfid.c"
 Parameters:    Size  Location     Type
  pa              2   10[COMRAM] PTR unsigned char 
		 -> string_rfid(17), 
  dis             2   12[COMRAM] PTR unsigned char 
		 -> string_rfid(17), 
 Auto vars:     Size  Location     Type
		None
 Return value:  Size  Location     Type
                  1    wreg      void 
 Registers used:
		wreg, fsr2l, fsr2h, status,2, status,0, cstack
 Tracked objects:
		On entry : 
		On exit  : 
		Unchanged: 
 Data sizes:     COMRAM   BANK0   BANK1   BANK2
      Params:         4       0       0       0
      Locals:         0       0       0       0
      Temps:          6       0       0       0
      Totals:        10       0       0       0
Total ram usage:       10 bytes
 Hardware stack levels used:    1
 Hardware stack levels required when called:    5
 This function calls:
		_LCD_clear
		_LCD_line
		_LCD_send
 This function is called by:
		_main
 This function uses a non-reentrant model


 *************** function _print_IR *****************
 Defined at:
		line 123 in file "lcd.c"
 Parameters:    Size  Location     Type
  Values          2   34[BANK0 ] PTR struct Sensor_ir
		 -> main@Values(8), 
 Auto vars:     Size  Location     Type
  buf            16   37[BANK0 ] unsigned char [16]
 Return value:  Size  Location     Type
                  1    wreg      void 
 Registers used:
		wreg, fsr1l, fsr1h, fsr2l, fsr2h, status,2, status,0, tblptrl, tblptrh, tblptru, cstack
 Tracked objects:
		On entry : 
		On exit  : 
		Unchanged: 
 Data sizes:     COMRAM   BANK0   BANK1   BANK2
      Params:         0       2       0       0
      Locals:         0      16       0       0
      Temps:          0       1       0       0
      Totals:         0      19       0       0
Total ram usage:       19 bytes
 Hardware stack levels used:    1
 Hardware stack levels required when called:    9
 This function calls:
		_LCD_clear
		_LCD_line
		_LCD_string
		_sprintf
 This function is called by:
		_main
 This function uses a non-reentrant model


 *************** function _sprintf *****************
 Defined at:
		line 9 in file "/Applications/microchip/xc8/v2.00/pic/sources/c99/common/nf_sprintf.c"
 Parameters:    Size  Location     Type
  s               2   18[BANK0 ] PTR unsigned char 
		 -> check_sum@buf_cs(16), print_IR@buf(16), 
  fmt             2   20[BANK0 ] PTR const unsigned char 
		 -> STR_4(16), STR_3(14), STR_2(10), STR_1(9), 
 Auto vars:     Size  Location     Type
  f               6   28[BANK0 ] struct _IO_FILE
  ap              2   26[BANK0 ] PTR void [1]
		 -> ?_sprintf(2), 
  ret             2   24[BANK0 ] int 
 Return value:  Size  Location     Type
                  2   18[BANK0 ] int 
 Registers used:
		wreg, fsr1l, fsr1h, fsr2l, fsr2h, status,2, status,0, tblptrl, tblptrh, tblptru, cstack
 Tracked objects:
		On entry : 
		On exit  : 
		Unchanged: 
 Data sizes:     COMRAM   BANK0   BANK1   BANK2
      Params:         0       6       0       0
      Locals:         0      10       0       0
      Temps:          0       0       0       0
      Totals:         0      16       0       0
Total ram usage:       16 bytes
 Hardware stack levels used:    1
 Hardware stack levels required when called:    8
 This function calls:
		_vfprintf
 This function is called by:
		_print_IR
		_check_sum
 This function uses a non-reentrant model


 *************** function _vfprintf *****************
 Defined at:
		line 1368 in file "/Applications/microchip/xc8/v2.00/pic/sources/c99/common/doprnt.c"
 Parameters:    Size  Location     Type
  fp              2   78[COMRAM] PTR struct _IO_FILE
		 -> sprintf@f(6), 
  fmt             2   80[COMRAM] PTR const unsigned char 
		 -> STR_4(16), STR_3(14), STR_2(10), STR_1(9), 
  ap              2   82[COMRAM] PTR PTR void 
		 -> sprintf@ap(2), 
 Auto vars:     Size  Location     Type
  cfmt            2   16[BANK0 ] PTR unsigned char 
		 -> STR_4(16), STR_3(14), STR_2(10), STR_1(9), 
 Return value:  Size  Location     Type
                  2   78[COMRAM] int 
 Registers used:
		wreg, fsr1l, fsr1h, fsr2l, fsr2h, status,2, status,0, tblptrl, tblptrh, tblptru, cstack
 Tracked objects:
		On entry : 
		On exit  : 
		Unchanged: 
 Data sizes:     COMRAM   BANK0   BANK1   BANK2
      Params:         6       0       0       0
      Locals:         0       2       0       0
      Temps:          0       0       0       0
      Totals:         6       2       0       0
Total ram usage:        8 bytes
 Hardware stack levels used:    1
 Hardware stack levels required when called:    7
 This function calls:
		_vfpfcnvrt
 This function is called by:
		_sprintf
 This function uses a non-reentrant model


 *************** function _vfpfcnvrt *****************
 Defined at:
		line 670 in file "/Applications/microchip/xc8/v2.00/pic/sources/c99/common/doprnt.c"
 Parameters:    Size  Location     Type
  fp              2   68[COMRAM] PTR struct _IO_FILE
		 -> sprintf@f(6), 
  fmt             2   70[COMRAM] PTR PTR unsigned char 
		 -> vfprintf@cfmt(2), 
  ap              2   72[COMRAM] PTR PTR void 
		 -> sprintf@ap(2), 
 Auto vars:     Size  Location     Type
  llu             8    8[BANK0 ] unsigned long long 
  ll              8    0[BANK0 ] long long 
  f               4    0        long long 
  vp              3    0        PTR void 
  ct              3    0        unsigned char [3]
  cp              3    0        PTR unsigned char 
  i               2    0        int 
  done            2    0        int 
  c               1    0        unsigned char 
 Return value:  Size  Location     Type
                  2   68[COMRAM] int 
 Registers used:
		wreg, fsr1l, fsr1h, fsr2l, fsr2h, status,2, status,0, tblptrl, tblptrh, tblptru, cstack
 Tracked objects:
		On entry : 
		On exit  : 
		Unchanged: 
 Data sizes:     COMRAM   BANK0   BANK1   BANK2
      Params:         6       0       0       0
      Locals:         0      16       0       0
      Temps:          4       0       0       0
      Totals:        10      16       0       0
Total ram usage:       26 bytes
 Hardware stack levels used:    1
 Hardware stack levels required when called:    6
 This function calls:
		_dtoa
		_fputc
		_utoa
 This function is called by:
		_vfprintf
 This function uses a non-reentrant model


 *************** function _utoa *****************
 Defined at:
		line 593 in file "/Applications/microchip/xc8/v2.00/pic/sources/c99/common/doprnt.c"
 Parameters:    Size  Location     Type
  fp              2   32[COMRAM] PTR struct _IO_FILE
		 -> sprintf@f(6), 
  d               8   34[COMRAM] unsigned long long 
 Auto vars:     Size  Location     Type
  n               8   54[COMRAM] unsigned long long 
  i               2   62[COMRAM] int 
  w               2   52[COMRAM] int 
  p               2   50[COMRAM] int 
 Return value:  Size  Location     Type
                  2   32[COMRAM] int 
 Registers used:
		wreg, fsr1l, fsr1h, fsr2l, fsr2h, status,2, status,0, cstack
 Tracked objects:
		On entry : 
		On exit  : 
		Unchanged: 
 Data sizes:     COMRAM   BANK0   BANK1   BANK2
      Params:        10       0       0       0
      Locals:        14       0       0       0
      Temps:          8       0       0       0
      Totals:        32       0       0       0
Total ram usage:       32 bytes
 Hardware stack levels used:    1
 Hardware stack levels required when called:    5
 This function calls:
		___lodiv
		___lomod
		_pad
 This function is called by:
		_vfpfcnvrt
 This function uses a non-reentrant model


 *************** function ___lomod *****************
 Defined at:
		line 9 in file "/Applications/microchip/xc8/v2.00/pic/sources/c99/common/lomod.c"
 Parameters:    Size  Location     Type
  dividend        8    5[COMRAM] unsigned long long 
  divisor         8   13[COMRAM] unsigned long long 
 Auto vars:     Size  Location     Type
  counter         1   21[COMRAM] unsigned char 
 Return value:  Size  Location     Type
                  8    5[COMRAM] unsigned long long 
 Registers used:
		wreg, status,2, status,0
 Tracked objects:
		On entry : 
		On exit  : 
		Unchanged: 
 Data sizes:     COMRAM   BANK0   BANK1   BANK2
      Params:        16       0       0       0
      Locals:         1       0       0       0
      Temps:          0       0       0       0
      Totals:        17       0       0       0
Total ram usage:       17 bytes
 Hardware stack levels used:    1
 Hardware stack levels required when called:    1
 This function calls:
		Nothing
 This function is called by:
		_utoa
 This function uses a non-reentrant model


 *************** function ___lodiv *****************
 Defined at:
		line 9 in file "/Applications/microchip/xc8/v2.00/pic/sources/c99/common/lodiv.c"
 Parameters:    Size  Location     Type
  dividend        8    5[COMRAM] unsigned long long 
  divisor         8   13[COMRAM] unsigned long long 
 Auto vars:     Size  Location     Type
  quotient        8   21[COMRAM] unsigned long long 
  counter         1   29[COMRAM] unsigned char 
 Return value:  Size  Location     Type
                  8    5[COMRAM] unsigned long long 
 Registers used:
		wreg, fsr2l, fsr2h, status,2, status,0
 Tracked objects:
		On entry : 
		On exit  : 
		Unchanged: 
 Data sizes:     COMRAM   BANK0   BANK1   BANK2
      Params:        16       0       0       0
      Locals:         9       0       0       0
      Temps:          0       0       0       0
      Totals:        25       0       0       0
Total ram usage:       25 bytes
 Hardware stack levels used:    1
 Hardware stack levels required when called:    1
 This function calls:
		Nothing
 This function is called by:
		_utoa
 This function uses a non-reentrant model


 *************** function _dtoa *****************
 Defined at:
		line 274 in file "/Applications/microchip/xc8/v2.00/pic/sources/c99/common/doprnt.c"
 Parameters:    Size  Location     Type
  fp              2   32[COMRAM] PTR struct _IO_FILE
		 -> sprintf@f(6), 
  d               8   34[COMRAM] long long 
 Auto vars:     Size  Location     Type
  n               8   58[COMRAM] long long 
  i               2   66[COMRAM] int 
  s               2   56[COMRAM] int 
  w               2   54[COMRAM] int 
  p               2   52[COMRAM] int 
 Return value:  Size  Location     Type
                  2   32[COMRAM] int 
 Registers used:
		wreg, fsr1l, fsr1h, fsr2l, fsr2h, status,2, status,0, cstack
 Tracked objects:
		On entry : 
		On exit  : 
		Unchanged: 
 Data sizes:     COMRAM   BANK0   BANK1   BANK2
      Params:        10       0       0       0
      Locals:        18       0       0       0
      Temps:          8       0       0       0
      Totals:        36       0       0       0
Total ram usage:       36 bytes
 Hardware stack levels used:    1
 Hardware stack levels required when called:    5
 This function calls:
		___aodiv
		___aomod
		_abs
		_pad
 This function is called by:
		_vfpfcnvrt
 This function uses a non-reentrant model


 *************** function _pad *****************
 Defined at:
		line 72 in file "/Applications/microchip/xc8/v2.00/pic/sources/c99/common/doprnt.c"
 Parameters:    Size  Location     Type
  fp              2   21[COMRAM] PTR struct _IO_FILE
		 -> sprintf@f(6), 
  buf             2   23[COMRAM] PTR unsigned char 
		 -> dbuf(32), 
  p               2   25[COMRAM] int 
 Auto vars:     Size  Location     Type
  w               2   30[COMRAM] int 
  i               2   28[COMRAM] int 
 Return value:  Size  Location     Type
                  2   21[COMRAM] int 
 Registers used:
		wreg, fsr1l, fsr1h, fsr2l, fsr2h, status,2, status,0, cstack
 Tracked objects:
		On entry : 
		On exit  : 
		Unchanged: 
 Data sizes:     COMRAM   BANK0   BANK1   BANK2
      Params:         6       0       0       0
      Locals:         4       0       0       0
      Temps:          1       0       0       0
      Totals:        11       0       0       0
Total ram usage:       11 bytes
 Hardware stack levels used:    1
 Hardware stack levels required when called:    4
 This function calls:
		_fputc
		_fputs
		_strlen
 This function is called by:
		_dtoa
		_utoa
 This function uses a non-reentrant model


 *************** function _strlen *****************
 Defined at:
		line 12 in file "/Applications/microchip/xc8/v2.00/pic/sources/c99/common/strlen.c"
 Parameters:    Size  Location     Type
  s               2    5[COMRAM] PTR const unsigned char 
		 -> dbuf(32), 
 Auto vars:     Size  Location     Type
  a               2    9[COMRAM] PTR const unsigned char 
		 -> dbuf(32), 
 Return value:  Size  Location     Type
                  2    5[COMRAM] unsigned int 
 Registers used:
		wreg, fsr2l, fsr2h, status,2, status,0
 Tracked objects:
		On entry : 
		On exit  : 
		Unchanged: 
 Data sizes:     COMRAM   BANK0   BANK1   BANK2
      Params:         2       0       0       0
      Locals:         2       0       0       0
      Temps:          2       0       0       0
      Totals:         6       0       0       0
Total ram usage:        6 bytes
 Hardware stack levels used:    1
 Hardware stack levels required when called:    1
 This function calls:
		Nothing
 This function is called by:
		_pad
 This function uses a non-reentrant model


 *************** function _fputs *****************
 Defined at:
		line 8 in file "/Applications/microchip/xc8/v2.00/pic/sources/c99/common/nf_fputs.c"
 Parameters:    Size  Location     Type
  s               2   14[COMRAM] PTR const unsigned char 
		 -> dbuf(32), 
  fp              2   16[COMRAM] PTR struct _IO_FILE
		 -> sprintf@f(6), 
 Auto vars:     Size  Location     Type
  i               2   19[COMRAM] int 
  c               1   18[COMRAM] unsigned char 
 Return value:  Size  Location     Type
                  2   14[COMRAM] int 
 Registers used:
		wreg, fsr1l, fsr1h, fsr2l, fsr2h, status,2, status,0, cstack
 Tracked objects:
		On entry : 
		On exit  : 
		Unchanged: 
 Data sizes:     COMRAM   BANK0   BANK1   BANK2
      Params:         4       0       0       0
      Locals:         3       0       0       0
      Temps:          0       0       0       0
      Totals:         7       0       0       0
Total ram usage:        7 bytes
 Hardware stack levels used:    1
 Hardware stack levels required when called:    3
 This function calls:
		_fputc
 This function is called by:
		_pad
 This function uses a non-reentrant model


 *************** function _fputc *****************
 Defined at:
		line 8 in file "/Applications/microchip/xc8/v2.00/pic/sources/c99/common/nf_fputc.c"
 Parameters:    Size  Location     Type
  c               2    5[COMRAM] int 
  fp              2    7[COMRAM] PTR struct _IO_FILE
		 -> sprintf@f(6), 
 Auto vars:     Size  Location     Type
		None
 Return value:  Size  Location     Type
                  2    5[COMRAM] int 
 Registers used:
		wreg, fsr1l, fsr1h, fsr2l, fsr2h, status,2, status,0, cstack
 Tracked objects:
		On entry : 
		On exit  : 
		Unchanged: 
 Data sizes:     COMRAM   BANK0   BANK1   BANK2
      Params:         4       0       0       0
      Locals:         0       0       0       0
      Temps:          5       0       0       0
      Totals:         9       0       0       0
Total ram usage:        9 bytes
 Hardware stack levels used:    1
 Hardware stack levels required when called:    2
 This function calls:
		_putch
 This function is called by:
		_pad
		_vfpfcnvrt
		_fputs
 This function uses a non-reentrant model


 *************** function _putch *****************
 Defined at:
		line 7 in file "/Applications/microchip/xc8/v2.00/pic/sources/c99/common/putch.c"
 Parameters:    Size  Location     Type
  c               1    wreg     unsigned char 
 Auto vars:     Size  Location     Type
  c               1    0[COMRAM] unsigned char 
 Return value:  Size  Location     Type
                  1    wreg      void 
 Registers used:
		wreg
 Tracked objects:
		On entry : 
		On exit  : 
		Unchanged: 
 Data sizes:     COMRAM   BANK0   BANK1   BANK2
      Params:         0       0       0       0
      Locals:         0       0       0       0
      Temps:          0       0       0       0
      Totals:         0       0       0       0
Total ram usage:        0 bytes
 Hardware stack levels used:    1
 Hardware stack levels required when called:    1
 This function calls:
		Nothing
 This function is called by:
		_fputc
 This function uses a non-reentrant model


 *************** function _abs *****************
 Defined at:
		line 1 in file "/Applications/microchip/xc8/v2.00/pic/sources/c99/common/abs.c"
 Parameters:    Size  Location     Type
  a               2   23[COMRAM] int 
 Auto vars:     Size  Location     Type
		None
 Return value:  Size  Location     Type
                  2   23[COMRAM] int 
 Registers used:
		wreg, status,2, status,0
 Tracked objects:
		On entry : 
		On exit  : 
		Unchanged: 
 Data sizes:     COMRAM   BANK0   BANK1   BANK2
      Params:         2       0       0       0
      Locals:         0       0       0       0
      Temps:          2       0       0       0
      Totals:         4       0       0       0
Total ram usage:        4 bytes
 Hardware stack levels used:    1
 Hardware stack levels required when called:    1
 This function calls:
		Nothing
 This function is called by:
		_dtoa
 This function uses a non-reentrant model


 *************** function ___aomod *****************
 Defined at:
		line 9 in file "/Applications/microchip/xc8/v2.00/pic/sources/c99/common/aomod.c"
 Parameters:    Size  Location     Type
  dividend        8    5[COMRAM] long long 
  divisor         8   13[COMRAM] long long 
 Auto vars:     Size  Location     Type
  sign            1   22[COMRAM] unsigned char 
  counter         1   21[COMRAM] unsigned char 
 Return value:  Size  Location     Type
                  8    5[COMRAM] long long 
 Registers used:
		wreg, status,2, status,0
 Tracked objects:
		On entry : 
		On exit  : 
		Unchanged: 
 Data sizes:     COMRAM   BANK0   BANK1   BANK2
      Params:        16       0       0       0
      Locals:         2       0       0       0
      Temps:          0       0       0       0
      Totals:        18       0       0       0
Total ram usage:       18 bytes
 Hardware stack levels used:    1
 Hardware stack levels required when called:    1
 This function calls:
		Nothing
 This function is called by:
		_dtoa
 This function uses a non-reentrant model


 *************** function ___aodiv *****************
 Defined at:
		line 9 in file "/Applications/microchip/xc8/v2.00/pic/sources/c99/common/aodiv.c"
 Parameters:    Size  Location     Type
  dividend        8    5[COMRAM] long long 
  divisor         8   13[COMRAM] long long 
 Auto vars:     Size  Location     Type
  quotient        8   23[COMRAM] long long 
  sign            1   22[COMRAM] unsigned char 
  counter         1   21[COMRAM] unsigned char 
 Return value:  Size  Location     Type
                  8    5[COMRAM] long long 
 Registers used:
		wreg, fsr2l, fsr2h, status,2, status,0
 Tracked objects:
		On entry : 
		On exit  : 
		Unchanged: 
 Data sizes:     COMRAM   BANK0   BANK1   BANK2
      Params:        16       0       0       0
      Locals:        10       0       0       0
      Temps:          0       0       0       0
      Totals:        26       0       0       0
Total ram usage:       26 bytes
 Hardware stack levels used:    1
 Hardware stack levels required when called:    1
 This function calls:
		Nothing
 This function is called by:
		_dtoa
 This function uses a non-reentrant model


 *************** function _LCD_string *****************
 Defined at:
		line 101 in file "lcd.c"
 Parameters:    Size  Location     Type
  string          2    9[COMRAM] PTR unsigned char 
		 -> check_sum@buf_cs(16), print_IR@buf(16), 
 Auto vars:     Size  Location     Type
		None
 Return value:  Size  Location     Type
                  1    wreg      void 
 Registers used:
		wreg, fsr2l, fsr2h, status,2, status,0, cstack
 Tracked objects:
		On entry : 
		On exit  : 
		Unchanged: 
 Data sizes:     COMRAM   BANK0   BANK1   BANK2
      Params:         2       0       0       0
      Locals:         0       0       0       0
      Temps:          0       0       0       0
      Totals:         2       0       0       0
Total ram usage:        2 bytes
 Hardware stack levels used:    1
 Hardware stack levels required when called:    4
 This function calls:
		_LCD_send
 This function is called by:
		_print_IR
		_check_sum
 This function uses a non-reentrant model


 *************** function _LCD_line *****************
 Defined at:
		line 89 in file "lcd.c"
 Parameters:    Size  Location     Type
  line            1    wreg     unsigned char 
 Auto vars:     Size  Location     Type
  line            1    9[COMRAM] unsigned char 
 Return value:  Size  Location     Type
                  1    wreg      void 
 Registers used:
		wreg, status,2, status,0, cstack
 Tracked objects:
		On entry : 
		On exit  : 
		Unchanged: 
 Data sizes:     COMRAM   BANK0   BANK1   BANK2
      Params:         0       0       0       0
      Locals:         1       0       0       0
      Temps:          0       0       0       0
      Totals:         1       0       0       0
Total ram usage:        1 bytes
 Hardware stack levels used:    1
 Hardware stack levels required when called:    4
 This function calls:
		_LCD_send
 This function is called by:
		_print_IR
		_print_RFID
 This function uses a non-reentrant model


 *************** function _LCD_clear *****************
 Defined at:
		line 115 in file "lcd.c"
 Parameters:    Size  Location     Type
		None
 Auto vars:     Size  Location     Type
		None
 Return value:  Size  Location     Type
                  1    wreg      void 
 Registers used:
		wreg, status,2, status,0, cstack
 Tracked objects:
		On entry : 
		On exit  : 
		Unchanged: 
 Data sizes:     COMRAM   BANK0   BANK1   BANK2
      Params:         0       0       0       0
      Locals:         0       0       0       0
      Temps:          1       0       0       0
      Totals:         1       0       0       0
Total ram usage:        1 bytes
 Hardware stack levels used:    1
 Hardware stack levels required when called:    4
 This function calls:
		_LCD_send
 This function is called by:
		_print_IR
		_print_RFID
 This function uses a non-reentrant model


 *************** function _interrupt_EUSART *****************
 Defined at:
		line 14 in file "rfid.c"
 Parameters:    Size  Location     Type
		None
 Auto vars:     Size  Location     Type
		None
 Return value:  Size  Location     Type
                  1    wreg      void 
 Registers used:
		wreg
 Tracked objects:
		On entry : 
		On exit  : 
		Unchanged: 
 Data sizes:     COMRAM   BANK0   BANK1   BANK2
      Params:         0       0       0       0
      Locals:         0       0       0       0
      Temps:          0       0       0       0
      Totals:         0       0       0       0
Total ram usage:        0 bytes
 Hardware stack levels used:    1
 Hardware stack levels required when called:    1
 This function calls:
		Nothing
 This function is called by:
		_main
 This function uses a non-reentrant model


 *************** function _init_capture *****************
 Defined at:
		line 25 in file "ir.c"
 Parameters:    Size  Location     Type
		None
 Auto vars:     Size  Location     Type
		None
 Return value:  Size  Location     Type
                  1    wreg      void 
 Registers used:
		wreg, status,2
 Tracked objects:
		On entry : 
		On exit  : 
		Unchanged: 
 Data sizes:     COMRAM   BANK0   BANK1   BANK2
      Params:         0       0       0       0
      Locals:         0       0       0       0
      Temps:          0       0       0       0
      Totals:         0       0       0       0
Total ram usage:        0 bytes
 Hardware stack levels used:    1
 Hardware stack levels required when called:    1
 This function calls:
		Nothing
 This function is called by:
		_main
 This function uses a non-reentrant model


 *************** function _init_TIMER5 *****************
 Defined at:
		line 6 in file "ir.c"
 Parameters:    Size  Location     Type
		None
 Auto vars:     Size  Location     Type
		None
 Return value:  Size  Location     Type
                  1    wreg      void 
 Registers used:
		wreg, status,2
 Tracked objects:
		On entry : 
		On exit  : 
		Unchanged: 
 Data sizes:     COMRAM   BANK0   BANK1   BANK2
      Params:         0       0       0       0
      Locals:         0       0       0       0
      Temps:          0       0       0       0
      Totals:         0       0       0       0
Total ram usage:        0 bytes
 Hardware stack levels used:    1
 Hardware stack levels required when called:    1
 This function calls:
		Nothing
 This function is called by:
		_main
 This function uses a non-reentrant model


 *************** function _init_RFID *****************
 Defined at:
		line 3 in file "rfid.c"
 Parameters:    Size  Location     Type
		None
 Auto vars:     Size  Location     Type
		None
 Return value:  Size  Location     Type
                  1    wreg      void 
 Registers used:
		wreg, status,2, status,0
 Tracked objects:
		On entry : 
		On exit  : 
		Unchanged: 
 Data sizes:     COMRAM   BANK0   BANK1   BANK2
      Params:         0       0       0       0
      Locals:         0       0       0       0
      Temps:          0       0       0       0
      Totals:         0       0       0       0
Total ram usage:        0 bytes
 Hardware stack levels used:    1
 Hardware stack levels required when called:    1
 This function calls:
		Nothing
 This function is called by:
		_main
 This function uses a non-reentrant model


 *************** function _initPWM *****************
 Defined at:
		line 11 in file "motor.c"
 Parameters:    Size  Location     Type
		None
 Auto vars:     Size  Location     Type
		None
 Return value:  Size  Location     Type
                  1    wreg      void 
 Registers used:
		wreg, status,2
 Tracked objects:
		On entry : 
		On exit  : 
		Unchanged: 
 Data sizes:     COMRAM   BANK0   BANK1   BANK2
      Params:         0       0       0       0
      Locals:         0       0       0       0
      Temps:          0       0       0       0
      Totals:         0       0       0       0
Total ram usage:        0 bytes
 Hardware stack levels used:    1
 Hardware stack levels required when called:    1
 This function calls:
		Nothing
 This function is called by:
		_main
 This function uses a non-reentrant model


 *************** function _initEncoder *****************
 Defined at:
		line 16 in file "reverse.c"
 Parameters:    Size  Location     Type
		None
 Auto vars:     Size  Location     Type
		None
 Return value:  Size  Location     Type
                  1    wreg      void 
 Registers used:
		None
 Tracked objects:
		On entry : 
		On exit  : 
		Unchanged: 
 Data sizes:     COMRAM   BANK0   BANK1   BANK2
      Params:         0       0       0       0
      Locals:         0       0       0       0
      Temps:          0       0       0       0
      Totals:         0       0       0       0
Total ram usage:        0 bytes
 Hardware stack levels used:    1
 Hardware stack levels required when called:    1
 This function calls:
		Nothing
 This function is called by:
		_main
 This function uses a non-reentrant model


 *************** function _forwards *****************
 Defined at:
		line 144 in file "motor.c"
 Parameters:    Size  Location     Type
  mL              2   26[COMRAM] PTR struct Motor
		 -> main@mL(9), 
  mR              2   28[COMRAM] PTR struct Motor
		 -> main@mR(9), 
 Auto vars:     Size  Location     Type
		None
 Return value:  Size  Location     Type
                  1    wreg      void 
 Registers used:
		wreg, fsr2l, fsr2h, status,2, status,0, prodl, prodh, cstack
 Tracked objects:
		On entry : 
		On exit  : 
		Unchanged: 
 Data sizes:     COMRAM   BANK0   BANK1   BANK2
      Params:         4       0       0       0
      Locals:         0       0       0       0
      Temps:          1       0       0       0
      Totals:         5       0       0       0
Total ram usage:        5 bytes
 Hardware stack levels used:    1
 Hardware stack levels required when called:    3
 This function calls:
		_setMotorPWM
 This function is called by:
		_main
 This function uses a non-reentrant model


 *************** function _setMotorPWM *****************
 Defined at:
		line 25 in file "motor.c"
 Parameters:    Size  Location     Type
  m               2   19[COMRAM] PTR struct Motor
		 -> main@mR(9), main@mL(9), 
 Auto vars:     Size  Location     Type
  PWMduty         2   24[COMRAM] int 
 Return value:  Size  Location     Type
                  1    wreg      void 
 Registers used:
		wreg, fsr2l, fsr2h, status,2, status,0, prodl, prodh, cstack
 Tracked objects:
		On entry : 
		On exit  : 
		Unchanged: 
 Data sizes:     COMRAM   BANK0   BANK1   BANK2
      Params:         2       0       0       0
      Locals:         2       0       0       0
      Temps:          3       0       0       0
      Totals:         7       0       0       0
Total ram usage:        7 bytes
 Hardware stack levels used:    1
 Hardware stack levels required when called:    2
 This function calls:
		___awdiv
		___wmul
 This function is called by:
		_stop
		_turnLeft
		_turnRight
		_forwards
		_accelerate
		_accelerate2
		_decelerate
		_turnRightSlow
 This function uses a non-reentrant model


 *************** function ___wmul *****************
 Defined at:
		line 15 in file "/Applications/microchip/xc8/v2.00/pic/sources/c99/common/Umul16.c"
 Parameters:    Size  Location     Type
  multiplier      2    5[COMRAM] unsigned int 
  multiplicand    2    7[COMRAM] unsigned int 
 Auto vars:     Size  Location     Type
  product         2    9[COMRAM] unsigned int 
 Return value:  Size  Location     Type
                  2    5[COMRAM] unsigned int 
 Registers used:
		wreg, status,2, status,0, prodl, prodh
 Tracked objects:
		On entry : 
		On exit  : 
		Unchanged: 
 Data sizes:     COMRAM   BANK0   BANK1   BANK2
      Params:         4       0       0       0
      Locals:         2       0       0       0
      Temps:          0       0       0       0
      Totals:         6       0       0       0
Total ram usage:        6 bytes
 Hardware stack levels used:    1
 Hardware stack levels required when called:    1
 This function calls:
		Nothing
 This function is called by:
		_setMotorPWM
 This function uses a non-reentrant model


 *************** function ___awdiv *****************
 Defined at:
		line 7 in file "/Applications/microchip/xc8/v2.00/pic/sources/c99/common/awdiv.c"
 Parameters:    Size  Location     Type
  dividend        2   11[COMRAM] int 
  divisor         2   13[COMRAM] int 
 Auto vars:     Size  Location     Type
  quotient        2   17[COMRAM] int 
  sign            1   16[COMRAM] unsigned char 
  counter         1   15[COMRAM] unsigned char 
 Return value:  Size  Location     Type
                  2   11[COMRAM] int 
 Registers used:
		wreg, status,2, status,0
 Tracked objects:
		On entry : 
		On exit  : 
		Unchanged: 
 Data sizes:     COMRAM   BANK0   BANK1   BANK2
      Params:         4       0       0       0
      Locals:         4       0       0       0
      Temps:          0       0       0       0
      Totals:         8       0       0       0
Total ram usage:        8 bytes
 Hardware stack levels used:    1
 Hardware stack levels required when called:    1
 This function calls:
		Nothing
 This function is called by:
		_setMotorPWM
 This function uses a non-reentrant model


 *************** function _LCD_init *****************
 Defined at:
		line 49 in file "lcd.c"
 Parameters:    Size  Location     Type
		None
 Auto vars:     Size  Location     Type
		None
 Return value:  Size  Location     Type
                  1    wreg      void 
 Registers used:
		wreg, status,2, status,0, cstack
 Tracked objects:
		On entry : 
		On exit  : 
		Unchanged: 
 Data sizes:     COMRAM   BANK0   BANK1   BANK2
      Params:         0       0       0       0
      Locals:         0       0       0       0
      Temps:          1       0       0       0
      Totals:         1       0       0       0
Total ram usage:        1 bytes
 Hardware stack levels used:    1
 Hardware stack levels required when called:    4
 This function calls:
		_LCD_out
		_LCD_send
 This function is called by:
		_main
 This function uses a non-reentrant model


 *************** function _LCD_send *****************
 Defined at:
		line 34 in file "lcd.c"
 Parameters:    Size  Location     Type
  Byte            1    wreg     unsigned char 
  type            1    7[COMRAM] unsigned char 
 Auto vars:     Size  Location     Type
  Byte            1    8[COMRAM] unsigned char 
 Return value:  Size  Location     Type
                  1    wreg      void 
 Registers used:
		wreg, status,2, status,0, cstack
 Tracked objects:
		On entry : 
		On exit  : 
		Unchanged: 
 Data sizes:     COMRAM   BANK0   BANK1   BANK2
      Params:         1       0       0       0
      Locals:         1       0       0       0
      Temps:          0       0       0       0
      Totals:         2       0       0       0
Total ram usage:        2 bytes
 Hardware stack levels used:    1
 Hardware stack levels required when called:    3
 This function calls:
		_LCD_out
 This function is called by:
		_LCD_init
		_LCD_line
		_LCD_string
		_LCD_clear
		_print_RFID
 This function uses a non-reentrant model


 *************** function _LCD_out *****************
 Defined at:
		line 19 in file "lcd.c"
 Parameters:    Size  Location     Type
  number          1    wreg     unsigned char 
 Auto vars:     Size  Location     Type
  number          1    6[COMRAM] unsigned char 
 Return value:  Size  Location     Type
                  1    wreg      void 
 Registers used:
		wreg, status,2, status,0, cstack
 Tracked objects:
		On entry : 
		On exit  : 
		Unchanged: 
 Data sizes:     COMRAM   BANK0   BANK1   BANK2
      Params:         0       0       0       0
      Locals:         1       0       0       0
      Temps:          1       0       0       0
      Totals:         2       0       0       0
Total ram usage:        2 bytes
 Hardware stack levels used:    1
 Hardware stack levels required when called:    2
 This function calls:
		_E_TOG
 This function is called by:
		_LCD_send
		_LCD_init
 This function uses a non-reentrant model


 *************** function _E_TOG *****************
 Defined at:
		line 4 in file "lcd.c"
 Parameters:    Size  Location     Type
		None
 Auto vars:     Size  Location     Type
		None
 Return value:  Size  Location     Type
                  1    wreg      void 
 Registers used:
		wreg
 Tracked objects:
		On entry : 
		On exit  : 
		Unchanged: 
 Data sizes:     COMRAM   BANK0   BANK1   BANK2
      Params:         0       0       0       0
      Locals:         0       0       0       0
      Temps:          0       0       0       0
      Totals:         0       0       0       0
Total ram usage:        0 bytes
 Hardware stack levels used:    1
 Hardware stack levels required when called:    1
 This function calls:
		Nothing
 This function is called by:
		_LCD_out
 This function uses a non-reentrant model


 *************** function _InterruptHandlerHigh *****************
 Defined at:
		line 20 in file "main.c"
 Parameters:    Size  Location     Type
		None
 Auto vars:     Size  Location     Type
  rx_char         1    4[COMRAM] unsigned char 
 Return value:  Size  Location     Type
                  1    wreg      void 
 Registers used:
		wreg, fsr2l, fsr2h, status,2, status,0, prodl, prodh
 Tracked objects:
		On entry : 
		On exit  : 
		Unchanged: 
 Data sizes:     COMRAM   BANK0   BANK1   BANK2
      Params:         0       0       0       0
      Locals:         1       0       0       0
      Temps:          4       0       0       0
      Totals:         5       0       0       0
Total ram usage:        5 bytes
 Hardware stack levels used:    1
 This function calls:
		Nothing
 This function is called by:
		Interrupt level 2
 This function uses a non-reentrant model



MODULE INFORMATION

Module		Function		Class		Link	Load	Size
reverse.c
		_initEncoder   		CODE           	1D28	0000	15

reverse.c estimated size: 15

/Applications/microchip/xc8/v2.00/pic/sources/c99/common/strlen.c
		_strlen        		CODE           	1AFC	0000	59

/Applications/microchip/xc8/v2.00/pic/sources/c99/common/strlen.c estimated size: 59

/Applications/microchip/xc8/v2.00/pic/sources/c99/common/abs.c
		_abs           		CODE           	1B6E	0000	51

/Applications/microchip/xc8/v2.00/pic/sources/c99/common/abs.c estimated size: 51

/Applications/microchip/xc8/v2.00/pic/sources/c99/common/putch.c
		_putch         		CODE           	1D36	0000	3

/Applications/microchip/xc8/v2.00/pic/sources/c99/common/putch.c estimated size: 3

/Applications/microchip/xc8/v2.00/pic/sources/c99/common/nf_sprintf.c
		_sprintf       		CODE           	1A4C	0000	91

/Applications/microchip/xc8/v2.00/pic/sources/c99/common/nf_sprintf.c estimated size: 91

/Applications/microchip/xc8/v2.00/pic/sources/c99/common/lodiv.c
		___lodiv       		CODE           	13BE	0000	207

/Applications/microchip/xc8/v2.00/pic/sources/c99/common/lodiv.c estimated size: 207

/Applications/microchip/xc8/v2.00/pic/sources/c99/common/aodiv.c
		___aodiv       		CODE           	0F4E	0000	329

/Applications/microchip/xc8/v2.00/pic/sources/c99/common/aodiv.c estimated size: 329

/Applications/microchip/xc8/v2.00/pic/sources/c99/common/nf_fputs.c
		_fputs         		CODE           	1B36	0000	57

/Applications/microchip/xc8/v2.00/pic/sources/c99/common/nf_fputs.c estimated size: 57

/Applications/microchip/xc8/v2.00/pic/sources/c99/common/awdiv.c
		___awdiv       		CODE           	185E	0000	133

/Applications/microchip/xc8/v2.00/pic/sources/c99/common/awdiv.c estimated size: 133

/Applications/microchip/xc8/v2.00/pic/sources/c99/common/doprnt.c
		_vfpfcnvrt     		CODE           	0810	0000	551
		_pad           		CODE           	17C8	0000	151
		_dtoa          		CODE           	05C4	0000	589
		_vfprintf      		CODE           	1AA6	0000	87
		_utoa          		CODE           	0C14	0000	441

/Applications/microchip/xc8/v2.00/pic/sources/c99/common/doprnt.c estimated size: 1819

motor.c
		_turnLeft      		CODE           	1732	0000	151
		_stop          		CODE           	19D6	0000	119
		_turnRight     		CODE           	169C	0000	151
		_forwards      		CODE           	11BA	0000	283
		_setMotorPWM   		CODE           	0DCC	0000	387
		_initPWM       		CODE           	1C7A	0000	31

motor.c estimated size: 1122

rfid.c
		_interrupt_EUSART		CODE           	1D18	0000	17
		_print_RFID    		CODE           	18E2	0000	125
		_init_RFID     		CODE           	1CE8	0000	27

rfid.c estimated size: 169

/Applications/microchip/xc8/v2.00/pic/sources/c99/common/Umul16.c
		___wmul        		CODE           	1C54	0000	39

/Applications/microchip/xc8/v2.00/pic/sources/c99/common/Umul16.c estimated size: 39

shared
		__initialization		CODE           	1C2C	0000	23

shared estimated size: 23

ir.c
		_read_IR       		CODE           	0A36	0000	479
		_init_capture  		CODE           	1CB4	0000	27
		_init_TIMER5   		CODE           	1CCE	0000	27

ir.c estimated size: 533

lcd.c
		_LCD_clear     		CODE           	1C98	0000	29
		_E_TOG         		CODE           	1D02	0000	23
		_LCD_string    		CODE           	1BA0	0000	49
		_print_IR      		CODE           	148C	0000	195
		_LCD_init      		CODE           	12D4	0000	235
		_LCD_out       		CODE           	195E	0000	121
		_LCD_send      		CODE           	1C00	0000	45
		_LCD_line      		CODE           	1BD0	0000	49

lcd.c estimated size: 746

/Applications/microchip/xc8/v2.00/pic/sources/c99/common/nf_fputc.c
		_fputc         		CODE           	15FC	0000	161

/Applications/microchip/xc8/v2.00/pic/sources/c99/common/nf_fputc.c estimated size: 161

main.c
		_main          		CODE           	0334	0000	657
		_InterruptHandlerHigh		CODE           	0008	0000	129

main.c estimated size: 786

/Applications/microchip/xc8/v2.00/pic/sources/c99/common/lomod.c
		___lomod       		CODE           	154E	0000	175

/Applications/microchip/xc8/v2.00/pic/sources/c99/common/lomod.c estimated size: 175

/Applications/microchip/xc8/v2.00/pic/sources/c99/common/aomod.c
		___aomod       		CODE           	1096	0000	293

/Applications/microchip/xc8/v2.00/pic/sources/c99/common/aomod.c estimated size: 293

