Microchip MPLAB XC8 Compiler V2.00 ()

Linker command line:

-W-3 --edf=/Applications/microchip/xc8/v2.00/pic/dat/en_msgs.txt -cs \
  -h+dist/default/production/ecm.production.sym \
  --cmf=dist/default/production/ecm.production.cmf -z -Q18F4331 \
  -o/tmp/xcDnMdvvn --defsym=__MPLAB_BUILD=1 \
  -Mdist/default/production/ecm.production.map -E1 -ver=XC8 --acfsm=1493 \
  -ASTACK=0A4h-02ffh -pstack=STACK -ACODE=00h-01FFFh -ACONST=00h-01FFFh \
  -ASMALLCONST=0300h-03FFhx29 -AMEDIUMCONST=0300h-01FFFh -ACOMRAM=01h-05Fh \
  -AABS1=00h-02FFh -ABIGRAM=01h-02FFh -ARAM=060h-0FFh,0100h-01FFhx2 \
  -ABANK0=060h-0FFh -ABANK1=0100h-01FFh -ABANK2=0200h-02FFh \
  -ASFR=0F60h-0FFFh -preset_vec=00h,intcode,intcodelo,powerup,init \
  -pramtop=0300h -psmallconst=SMALLCONST -pmediumconst=MEDIUMCONST \
  -pconst=CONST -AFARRAM=00h-00h -ACONFIG=0300000h-030000Dh -pconfig=CONFIG \
  -AIDLOC=0200000h-0200007h -pidloc=IDLOC -AEEDATA=0F00000h-0F000FFh \
  -peeprom_data=EEDATA \
  -prdata=COMRAM,nvrram=COMRAM,nvbit=COMRAM,rbss=COMRAM,rbit=COMRAM \
  -pfarbss=FARRAM,fardata=FARRAM,nvFARRAM=FARRAM \
  -pintsave_regs=BIGRAM,bigbss=BIGRAM,bigdata=BIGRAM -pbss=RAM \
  -pidata=CODE,irdata=CODE,ibigdata=CODE,ifardata=CODE -prparam=COMRAM \
  /tmp/xczUPZ8Lx.o dist/default/production/ecm.production.o 

Object code version is 3.11

Machine type is 18F4331

Call graph: (short form)




                Name                               Link     Load   Length Selector   Space Scale
/tmp/xczUPZ8Lx.o
                init                                  0        0        4        0       0
                idloc                            200000   200000        8   200000       0
                config                           300000   300000        E   300000       0
dist/default/production/ecm.production.o
                smallconst                          300      300       16      180       0
                text19                              F42      F42       16      18B       0
                text18                              C24      C24       78      18B       0
                text17                              EDE      EDE       2C      18B       0
                text16                              7E4      7E4       EA      18B       0
                text15                              E00      E00       4E      18B       0
                text14                              E9A      E9A       44      18B       0
                text13                              F28      F28       1A      18B       0
                text12                              DB2      DB2       4E      18B       0
                text11                              6E0      6E0      104      18B       0
                text10                              8CE      8CE       E4      18B       0
                text9                               F58      F58        2      18B       0
                text8                               9B2      9B2       DE      18B       0
                text7                               E4E      E4E       4C      18B       0
                text6                               D60      D60       52      18B       0
                text5                               A90      A90       D2      18B       0
                text4                               316      316      224      18B       0
                text3                               53A      53A      1A6      18B       0
                text2                               C9C      C9C       66      18B       0
                text1                               D02      D02       5E      18B       0
                text0                               B62      B62       C2      18B       0
                cstackCOMRAM                          1        1       5D        1       1
                cstackBANK0                          86       86       1E       60       1
                bssBANK0                             60       60       26       60       1
                bssCOMRAM                            5E       5E        2        1       1
                cinit                               F0A      F0A       1E      18B       0

TOTAL           Name                               Link     Load   Length     Space
        CLASS   STACK          

        CLASS   CODE           
                init                                  0        0        4         0
                text19                              F42      F42       16         0
                text18                              C24      C24       78         0
                text17                              EDE      EDE       2C         0
                text16                              7E4      7E4       EA         0
                text15                              E00      E00       4E         0
                text14                              E9A      E9A       44         0
                text13                              F28      F28       1A         0
                text12                              DB2      DB2       4E         0
                text11                              6E0      6E0      104         0
                text10                              8CE      8CE       E4         0
                text9                               F58      F58        2         0
                text8                               9B2      9B2       DE         0
                text7                               E4E      E4E       4C         0
                text6                               D60      D60       52         0
                text5                               A90      A90       D2         0
                text4                               316      316      224         0
                text3                               53A      53A      1A6         0
                text2                               C9C      C9C       66         0
                text1                               D02      D02       5E         0
                text0                               B62      B62       C2         0
                cinit                               F0A      F0A       1E         0

        CLASS   CONST          

        CLASS   SMALLCONST     
                smallconst                          300      300       16         0

        CLASS   MEDIUMCONST    

        CLASS   COMRAM         
                cstackCOMRAM                          1        1       5D         1
                bssCOMRAM                            5E       5E        2         1

        CLASS   ABS1           

        CLASS   BIGRAM         

        CLASS   RAM            

        CLASS   BANK0          
                cstackBANK0                          86       86       1E         1
                bssBANK0                             60       60       26         1

        CLASS   BANK1          

        CLASS   BANK2          

        CLASS   SFR            

        CLASS   FARRAM         

        CLASS   CONFIG         
                config                           300000   300000        E         0

        CLASS   IDLOC          
                idloc                            200000   200000        8         0

        CLASS   EEDATA         



SEGMENTS        Name                           Load    Length   Top    Selector   Space  Class

                reset_vec                      000000  000004  000004         0       0  CODE    
                cstackCOMRAM                   000001  00005F  000060         1       1  COMRAM  
                bssBANK0                       000060  000044  0000A4        60       1  BANK0   
                smallconst                     000300  000016  000316       180       0  SMALLCON
                text4                          000316  000C44  000F5A       18B       0  CODE    
                idloc                          200000  000008  200008    200000       0  IDLOC   
                config                         300000  00000E  30000E    300000       0  CONFIG  


UNUSED ADDRESS RANGES

        Name                Unused          Largest block    Delta
        BANK0            0000A4-0000FF               5C
        BANK1            000100-0001FF              100
        BANK2            000200-0002FF              100
        BIGRAM           0000A4-0002FF              25C
        CODE             000004-0002FF              2FC
                         000F5A-001FFF             10A6
        CONST            000004-0002FF              2FC
                         000F5A-001FFF             10A6
        EEDATA           F00000-F000FF              100
        MEDIUMCONST      000F5A-001FFF             10A6
        RAM              0000A4-0002FF              100
        SFR              000F60-000FFF               A0
        SMALLCONST       000F5A-001FFF              100
        STACK            0000A4-0002FF              25C

                                  Symbol Table

?___lodiv                cstackCOMRAM 000001
?___lomod                cstackCOMRAM 000001
?_pad                    cstackCOMRAM 000011
?_sprintf                cstackCOMRAM 000056
?_strlen                 cstackCOMRAM 000001
?_utoa                   cstackCOMRAM 00001C
?_vfpfcnvrt              cstackCOMRAM 00003C
?_vfprintf               cstackCOMRAM 00004E
LCD_line@line            cstackCOMRAM 000005
LCD_out@number           cstackCOMRAM 000002
LCD_send@Byte            cstackCOMRAM 000004
LCD_send@type            cstackCOMRAM 000003
LCD_string@string        cstackCOMRAM 000005
_ANSEL0                  (abs)        000FB8
_ANSEL1                  (abs)        000FB9
_CAP1BUFH                (abs)        000F69
_CAP1BUFL                (abs)        000F68
_CAP1CON                 (abs)        000F63
_CAP2BUFH                (abs)        000F67
_CAP2BUFL                (abs)        000F66
_CAP2CON                 (abs)        000F62
_DFLTCON                 (abs)        000F60
_E_TOG                   text19       000F42
_LATA                    (abs)        000F89
_LATC                    (abs)        000F8B
_LATD                    (abs)        000F8C
_LCD_init                text16       0007E4
_LCD_line                text15       000E00
_LCD_out                 text18       000C24
_LCD_send                text17       000EDE
_LCD_string              text14       000E9A
_OSCCON                  (abs)        000FD3
_OSCCONbits              (abs)        000FD3
_PORTAbits               (abs)        000F80
_PORTCbits               (abs)        000F82
_PORTDbits               (abs)        000F83
_T5CON                   (abs)        000FB7
_T5CONbits               (abs)        000FB7
_TRISA                   (abs)        000F92
_TRISC                   (abs)        000F94
_TRISD                   (abs)        000F95
__CFG_LVP$OFF            (abs)        000000
__CFG_MCLRE$OFF          (abs)        000000
__CFG_OSC$IRCIO          (abs)        000000
__HRAM                   (abs)        000000
__Habs1                  abs1         000000
__Hbank0                 bank0        000000
__Hbank1                 bank1        000000
__Hbank2                 bank2        000000
__Hbigbss                bigbss       000000
__Hbigdata               bigdata      000000
__Hbigram                bigram       000000
__Hbss                   bss          000000
__HbssBANK0              bssBANK0     000000
__HbssCOMRAM             bssCOMRAM    000000
__Hcinit                 cinit        000000
__Hclrtext               clrtext      000000
__Hcomram                comram       000000
__Hconfig                config       30000E
__Hconst                 const        000000
__HcstackBANK0           cstackBANK0  000000
__HcstackCOMRAM          cstackCOMRAM 000000
__Hdata                  data         000000
__Heeprom_data           eeprom_data  000000
__Hfarbss                farbss       000000
__Hfardata               fardata      000000
__Hibigdata              ibigdata     000000
__Hidata                 idata        000000
__Hidloc                 idloc        200008
__Hifardata              ifardata     000000
__Hinit                  init         000004
__Hintcode               intcode      000000
__Hintcode_body          intcode_body 000000
__Hintcodelo             intcodelo    000000
__Hintentry              intentry     000000
__Hintret                intret       000000
__Hintsave_regs          intsave_regs 000000
__Hirdata                irdata       000000
__Hmediumconst           mediumconst  000000
__HnvFARRAM              nvFARRAM     000000
__Hnvbit                 nvbit        000000
__Hnvrram                nvrram       000000
__Hparam                 rparam       000000
__Hpowerup               powerup      000000
__Hram                   ram          000000
__Hramtop                ramtop       000300
__Hrbit                  rbit         000000
__Hrbss                  rbss         000000
__Hrdata                 rdata        000000
__Hreset_vec             reset_vec    000000
__Hrparam                rparam       000000
__Hsfr                   sfr          000000
__Hsmallconst            smallconst   000316
__Hspace_0               (abs)        30000E
__Hspace_1               (abs)        0000A4
__Hspace_2               (abs)        000000
__Hstack                 stack        000000
__Hstruct                struct       000000
__Htemp                  temp         000000
__Htext                  text         000000
__Htext0                 text0        000000
__Htext1                 text1        000000
__Htext10                text10       000000
__Htext11                text11       000000
__Htext12                text12       000000
__Htext13                text13       000000
__Htext14                text14       000000
__Htext15                text15       000000
__Htext16                text16       000000
__Htext17                text17       000000
__Htext18                text18       000000
__Htext19                text19       000000
__Htext2                 text2        000000
__Htext3                 text3        000000
__Htext4                 text4        000000
__Htext5                 text5        000000
__Htext6                 text6        000000
__Htext7                 text7        000000
__Htext8                 text8        000000
__Htext9                 text9        000000
__LRAM                   (abs)        000001
__Labs1                  abs1         000000
__Lbank0                 bank0        000000
__Lbank1                 bank1        000000
__Lbank2                 bank2        000000
__Lbigbss                bigbss       000000
__Lbigdata               bigdata      000000
__Lbigram                bigram       000000
__Lbss                   bss          000000
__LbssBANK0              bssBANK0     000000
__LbssCOMRAM             bssCOMRAM    000000
__Lcinit                 cinit        000000
__Lclrtext               clrtext      000000
__Lcomram                comram       000000
__Lconfig                config       300000
__Lconst                 const        000000
__LcstackBANK0           cstackBANK0  000000
__LcstackCOMRAM          cstackCOMRAM 000000
__Ldata                  data         000000
__Leeprom_data           eeprom_data  000000
__Lfarbss                farbss       000000
__Lfardata               fardata      000000
__Libigdata              ibigdata     000000
__Lidata                 idata        000000
__Lidloc                 idloc        200000
__Lifardata              ifardata     000000
__Linit                  init         000000
__Lintcode               intcode      000000
__Lintcode_body          intcode_body 000000
__Lintcodelo             intcodelo    000000
__Lintentry              intentry     000000
__Lintret                intret       000000
__Lintsave_regs          intsave_regs 000000
__Lirdata                irdata       000000
__Lmediumconst           mediumconst  000000
__LnvFARRAM              nvFARRAM     000000
__Lnvbit                 nvbit        000000
__Lnvrram                nvrram       000000
__Lparam                 rparam       000000
__Lpowerup               powerup      000000
__Lram                   ram          000000
__Lramtop                ramtop       000300
__Lrbit                  rbit         000000
__Lrbss                  rbss         000000
__Lrdata                 rdata        000000
__Lreset_vec             reset_vec    000000
__Lrparam                rparam       000000
__Lsfr                   sfr          000000
__Lsmallconst            smallconst   000300
__Lspace_0               (abs)        000000
__Lspace_1               (abs)        000000
__Lspace_2               (abs)        000000
__Lstack                 stack        000000
__Lstruct                struct       000000
__Ltemp                  temp         000000
__Ltext                  text         000000
__Ltext0                 text0        000000
__Ltext1                 text1        000000
__Ltext10                text10       000000
__Ltext11                text11       000000
__Ltext12                text12       000000
__Ltext13                text13       000000
__Ltext14                text14       000000
__Ltext15                text15       000000
__Ltext16                text16       000000
__Ltext17                text17       000000
__Ltext18                text18       000000
__Ltext19                text19       000000
__Ltext2                 text2        000000
__Ltext3                 text3        000000
__Ltext4                 text4        000000
__Ltext5                 text5        000000
__Ltext6                 text6        000000
__Ltext7                 text7        000000
__Ltext8                 text8        000000
__Ltext9                 text9        000000
__S0                     (abs)        30000E
__S1                     (abs)        0000A4
__S2                     (abs)        000000
___inthi_sp              stack        000000
___intlo_sp              stack        000000
___lodiv                 text11       0006E0
___lodiv@counter         cstackCOMRAM 000019
___lodiv@dividend        cstackCOMRAM 000001
___lodiv@divisor         cstackCOMRAM 000009
___lodiv@quotient        cstackCOMRAM 000011
___lomod                 text10       0008CE
___lomod@counter         cstackCOMRAM 000011
___lomod@dividend        cstackCOMRAM 000001
___lomod@divisor         cstackCOMRAM 000009
___param_bank            (abs)        000000
___rparam_used           (abs)        000001
___sp                    stack        000000
__accesstop              (abs)        000060
__activetblptr           (abs)        000001
__end_of_E_TOG           text19       000F58
__end_of_LCD_init        text16       0008CE
__end_of_LCD_line        text15       000E4E
__end_of_LCD_out         text18       000C9C
__end_of_LCD_send        text17       000F0A
__end_of_LCD_string      text14       000EDE
__end_of___lodiv         text11       0007E4
__end_of___lomod         text10       0009B2
__end_of__initialization cinit        000F1A
__end_of_fputc           text8        000A90
__end_of_fputs           text7        000E9A
__end_of_init_capture    text13       000F42
__end_of_main            text0        000C24
__end_of_pad             text5        000B62
__end_of_putch           text9        000F5A
__end_of_read_IR         text12       000E00
__end_of_sprintf         text1        000D60
__end_of_strlen          text6        000DB2
__end_of_utoa            text4        00053A
__end_of_vfpfcnvrt       text3        0006E0
__end_of_vfprintf        text2        000D02
__initialization         cinit        000F0A
__mediumconst            mediumconst  000000
__pbssBANK0              bssBANK0     000060
__pbssCOMRAM             bssCOMRAM    00005E
__pcinit                 cinit        000F0A
__pcstackBANK0           cstackBANK0  000086
__pcstackCOMRAM          cstackCOMRAM 000001
__psmallconst            smallconst   000300
__ptext0                 text0        000B62
__ptext1                 text1        000D02
__ptext10                text10       0008CE
__ptext11                text11       0006E0
__ptext12                text12       000DB2
__ptext13                text13       000F28
__ptext14                text14       000E9A
__ptext15                text15       000E00
__ptext16                text16       0007E4
__ptext17                text17       000EDE
__ptext18                text18       000C24
__ptext19                text19       000F42
__ptext2                 text2        000C9C
__ptext3                 text3        00053A
__ptext4                 text4        000316
__ptext5                 text5        000A90
__ptext6                 text6        000D60
__ptext7                 text7        000E4E
__ptext8                 text8        0009B2
__ptext9                 text9        000F58
__ramtop                 ramtop       000300
__size_of_E_TOG          (abs)        000000
__size_of_LCD_init       (abs)        000000
__size_of_LCD_line       (abs)        000000
__size_of_LCD_out        (abs)        000000
__size_of_LCD_send       (abs)        000000
__size_of_LCD_string     (abs)        000000
__size_of___lodiv        (abs)        000000
__size_of___lomod        (abs)        000000
__size_of_fputc          (abs)        000000
__size_of_fputs          (abs)        000000
__size_of_init_capture   (abs)        000000
__size_of_main           (abs)        000000
__size_of_pad            (abs)        000000
__size_of_putch          (abs)        000000
__size_of_read_IR        (abs)        000000
__size_of_sprintf        (abs)        000000
__size_of_strlen         (abs)        000000
__size_of_utoa           (abs)        000000
__size_of_vfpfcnvrt      (abs)        000000
__size_of_vfprintf       (abs)        000000
__smallconst             smallconst   000300
_dbuf                    bssBANK0     000066
_flags                   bssCOMRAM    00005E
_fputc                   text8        0009B2
_fputs                   text7        000E4E
_init_capture            text13       000F28
_main                    text0        000B62
_nout                    bssBANK0     000060
_pad                     text5        000A90
_prec                    bssBANK0     000064
_putch                   text9        000F58
_read_IR                 text12       000DB2
_sprintf                 text1        000D02
_strlen                  text6        000D60
_utoa                    text4        000316
_vfpfcnvrt               text3        00053A
_vfprintf                text2        000C9C
_width                   bssBANK0     000062
end_of_initialization    cinit        000F1A
fputc@c                  cstackCOMRAM 000001
fputc@fp                 cstackCOMRAM 000003
fputs@c                  cstackCOMRAM 00000E
fputs@fp                 cstackCOMRAM 00000C
fputs@i                  cstackCOMRAM 00000F
fputs@s                  cstackCOMRAM 00000A
intlevel0                text         000000
intlevel1                text         000000
intlevel2                text         000000
intlevel3                text         000000
main@buf                 cstackBANK0  000090
main@values              cstackBANK0  0000A0
pad@buf                  cstackCOMRAM 000013
pad@fp                   cstackCOMRAM 000011
pad@i                    cstackCOMRAM 000018
pad@p                    cstackCOMRAM 000015
pad@w                    cstackCOMRAM 00001A
read_IR@values           cstackCOMRAM 000001
sprintf@ap               cstackBANK0  000088
sprintf@f                cstackBANK0  00008A
sprintf@fmt              cstackCOMRAM 000058
sprintf@ret              cstackBANK0  000086
sprintf@s                cstackCOMRAM 000056
stackhi                  (abs)        0002FF
stacklo                  (abs)        0000A4
start                    init         000000
start_initialization     cinit        000F0A
strlen@a                 cstackCOMRAM 000005
strlen@s                 cstackCOMRAM 000001
utoa@d                   cstackCOMRAM 00001E
utoa@fp                  cstackCOMRAM 00001C
utoa@i                   cstackCOMRAM 00003A
utoa@n                   cstackCOMRAM 000032
utoa@p                   cstackCOMRAM 00002E
utoa@w                   cstackCOMRAM 000030
vfpfcnvrt@ap             cstackCOMRAM 000040
vfpfcnvrt@fmt            cstackCOMRAM 00003E
vfpfcnvrt@fp             cstackCOMRAM 00003C
vfpfcnvrt@llu            cstackCOMRAM 000046
vfprintf@ap              cstackCOMRAM 000052
vfprintf@cfmt            cstackCOMRAM 000054
vfprintf@fmt             cstackCOMRAM 000050
vfprintf@fp              cstackCOMRAM 00004E


FUNCTION INFORMATION:

 *************** function _main *****************
 Defined at:
		line 21 in file "main.c"
 Parameters:    Size  Location     Type
		None
 Auto vars:     Size  Location     Type
  buf            16   10[BANK0 ] unsigned char [16]
  values          4   26[BANK0 ] struct Sensor_ir
 Return value:  Size  Location     Type
                  1    wreg      void 
 Registers used:
		wreg, fsr1l, fsr1h, fsr2l, fsr2h, status,2, status,0, tblptrl, tblptrh, tblptru, cstack
 Tracked objects:
		On entry : 
		On exit  : 
		Unchanged: 
 Data sizes:     COMRAM   BANK0   BANK1   BANK2
      Params:         0       0       0       0
      Locals:         0      20       0       0
      Temps:          2       0       0       0
      Totals:         2      20       0       0
Total ram usage:       22 bytes
 Hardware stack levels required when called:    8
 This function calls:
		_LCD_init
		_LCD_line
		_LCD_send
		_LCD_string
		_init_capture
		_read_IR
		_sprintf
 This function is called by:
		Startup code after reset
 This function uses a non-reentrant model


 *************** function _sprintf *****************
 Defined at:
		line 9 in file "/Applications/microchip/xc8/v2.00/pic/sources/c99/common/nf_sprintf.c"
 Parameters:    Size  Location     Type
  s               2   85[COMRAM] PTR unsigned char 
		 -> main@buf(16), 
  fmt             2   87[COMRAM] PTR const unsigned char 
		 -> STR_2(10), STR_1(9), 
 Auto vars:     Size  Location     Type
  f               6    4[BANK0 ] struct _IO_FILE
  ap              2    2[BANK0 ] PTR void [1]
		 -> ?_sprintf(2), 
  ret             2    0[BANK0 ] int 
 Return value:  Size  Location     Type
                  2   85[COMRAM] int 
 Registers used:
		wreg, fsr1l, fsr1h, fsr2l, fsr2h, status,2, status,0, tblptrl, tblptrh, tblptru, cstack
 Tracked objects:
		On entry : 
		On exit  : 
		Unchanged: 
 Data sizes:     COMRAM   BANK0   BANK1   BANK2
      Params:         6       0       0       0
      Locals:         0      10       0       0
      Temps:          0       0       0       0
      Totals:         6      10       0       0
Total ram usage:       16 bytes
 Hardware stack levels used:    1
 Hardware stack levels required when called:    7
 This function calls:
		_vfprintf
 This function is called by:
		_main
 This function uses a non-reentrant model


 *************** function _vfprintf *****************
 Defined at:
		line 1368 in file "/Applications/microchip/xc8/v2.00/pic/sources/c99/common/doprnt.c"
 Parameters:    Size  Location     Type
  fp              2   77[COMRAM] PTR struct _IO_FILE
		 -> sprintf@f(6), 
  fmt             2   79[COMRAM] PTR const unsigned char 
		 -> STR_2(10), STR_1(9), 
  ap              2   81[COMRAM] PTR PTR void 
		 -> sprintf@ap(2), 
 Auto vars:     Size  Location     Type
  cfmt            2   83[COMRAM] PTR unsigned char 
		 -> STR_2(10), STR_1(9), 
 Return value:  Size  Location     Type
                  2   77[COMRAM] int 
 Registers used:
		wreg, fsr1l, fsr1h, fsr2l, fsr2h, status,2, status,0, tblptrl, tblptrh, tblptru, cstack
 Tracked objects:
		On entry : 
		On exit  : 
		Unchanged: 
 Data sizes:     COMRAM   BANK0   BANK1   BANK2
      Params:         6       0       0       0
      Locals:         2       0       0       0
      Temps:          0       0       0       0
      Totals:         8       0       0       0
Total ram usage:        8 bytes
 Hardware stack levels used:    1
 Hardware stack levels required when called:    6
 This function calls:
		_vfpfcnvrt
 This function is called by:
		_sprintf
 This function uses a non-reentrant model


 *************** function _vfpfcnvrt *****************
 Defined at:
		line 670 in file "/Applications/microchip/xc8/v2.00/pic/sources/c99/common/doprnt.c"
 Parameters:    Size  Location     Type
  fp              2   59[COMRAM] PTR struct _IO_FILE
		 -> sprintf@f(6), 
  fmt             2   61[COMRAM] PTR PTR unsigned char 
		 -> vfprintf@cfmt(2), 
  ap              2   63[COMRAM] PTR PTR void 
		 -> sprintf@ap(2), 
 Auto vars:     Size  Location     Type
  llu             8   69[COMRAM] unsigned long long 
  ll              8    0        long long 
  f               4    0        long long 
  vp              3    0        PTR void 
  ct              3    0        unsigned char [3]
  cp              3    0        PTR unsigned char 
  i               2    0        int 
  done            2    0        int 
  c               1    0        unsigned char 
 Return value:  Size  Location     Type
                  2   59[COMRAM] int 
 Registers used:
		wreg, fsr1l, fsr1h, fsr2l, fsr2h, status,2, status,0, tblptrl, tblptrh, tblptru, cstack
 Tracked objects:
		On entry : 
		On exit  : 
		Unchanged: 
 Data sizes:     COMRAM   BANK0   BANK1   BANK2
      Params:         6       0       0       0
      Locals:         8       0       0       0
      Temps:          4       0       0       0
      Totals:        18       0       0       0
Total ram usage:       18 bytes
 Hardware stack levels used:    1
 Hardware stack levels required when called:    5
 This function calls:
		_fputc
		_utoa
 This function is called by:
		_vfprintf
 This function uses a non-reentrant model


 *************** function _utoa *****************
 Defined at:
		line 593 in file "/Applications/microchip/xc8/v2.00/pic/sources/c99/common/doprnt.c"
 Parameters:    Size  Location     Type
  fp              2   27[COMRAM] PTR struct _IO_FILE
		 -> sprintf@f(6), 
  d               8   29[COMRAM] unsigned long long 
 Auto vars:     Size  Location     Type
  n               8   49[COMRAM] unsigned long long 
  i               2   57[COMRAM] int 
  w               2   47[COMRAM] int 
  p               2   45[COMRAM] int 
 Return value:  Size  Location     Type
                  2   27[COMRAM] int 
 Registers used:
		wreg, fsr1l, fsr1h, fsr2l, fsr2h, status,2, status,0, cstack
 Tracked objects:
		On entry : 
		On exit  : 
		Unchanged: 
 Data sizes:     COMRAM   BANK0   BANK1   BANK2
      Params:        10       0       0       0
      Locals:        14       0       0       0
      Temps:          8       0       0       0
      Totals:        32       0       0       0
Total ram usage:       32 bytes
 Hardware stack levels used:    1
 Hardware stack levels required when called:    4
 This function calls:
		___lodiv
		___lomod
		_pad
 This function is called by:
		_vfpfcnvrt
 This function uses a non-reentrant model


 *************** function _pad *****************
 Defined at:
		line 72 in file "/Applications/microchip/xc8/v2.00/pic/sources/c99/common/doprnt.c"
 Parameters:    Size  Location     Type
  fp              2   16[COMRAM] PTR struct _IO_FILE
		 -> sprintf@f(6), 
  buf             2   18[COMRAM] PTR unsigned char 
		 -> dbuf(32), 
  p               2   20[COMRAM] int 
 Auto vars:     Size  Location     Type
  w               2   25[COMRAM] int 
  i               2   23[COMRAM] int 
 Return value:  Size  Location     Type
                  2   16[COMRAM] int 
 Registers used:
		wreg, fsr1l, fsr1h, fsr2l, fsr2h, status,2, status,0, cstack
 Tracked objects:
		On entry : 
		On exit  : 
		Unchanged: 
 Data sizes:     COMRAM   BANK0   BANK1   BANK2
      Params:         6       0       0       0
      Locals:         4       0       0       0
      Temps:          1       0       0       0
      Totals:        11       0       0       0
Total ram usage:       11 bytes
 Hardware stack levels used:    1
 Hardware stack levels required when called:    3
 This function calls:
		_fputc
		_fputs
		_strlen
 This function is called by:
		_utoa
 This function uses a non-reentrant model


 *************** function _strlen *****************
 Defined at:
		line 12 in file "/Applications/microchip/xc8/v2.00/pic/sources/c99/common/strlen.c"
 Parameters:    Size  Location     Type
  s               2    0[COMRAM] PTR const unsigned char 
		 -> dbuf(32), 
 Auto vars:     Size  Location     Type
  a               2    4[COMRAM] PTR const unsigned char 
		 -> dbuf(32), 
 Return value:  Size  Location     Type
                  2    0[COMRAM] unsigned int 
 Registers used:
		wreg, fsr2l, fsr2h, status,2, status,0
 Tracked objects:
		On entry : 
		On exit  : 
		Unchanged: 
 Data sizes:     COMRAM   BANK0   BANK1   BANK2
      Params:         2       0       0       0
      Locals:         2       0       0       0
      Temps:          2       0       0       0
      Totals:         6       0       0       0
Total ram usage:        6 bytes
 Hardware stack levels used:    1
 This function calls:
		Nothing
 This function is called by:
		_pad
 This function uses a non-reentrant model


 *************** function _fputs *****************
 Defined at:
		line 8 in file "/Applications/microchip/xc8/v2.00/pic/sources/c99/common/nf_fputs.c"
 Parameters:    Size  Location     Type
  s               2    9[COMRAM] PTR const unsigned char 
		 -> dbuf(32), 
  fp              2   11[COMRAM] PTR struct _IO_FILE
		 -> sprintf@f(6), 
 Auto vars:     Size  Location     Type
  i               2   14[COMRAM] int 
  c               1   13[COMRAM] unsigned char 
 Return value:  Size  Location     Type
                  2    9[COMRAM] int 
 Registers used:
		wreg, fsr1l, fsr1h, fsr2l, fsr2h, status,2, status,0, cstack
 Tracked objects:
		On entry : 
		On exit  : 
		Unchanged: 
 Data sizes:     COMRAM   BANK0   BANK1   BANK2
      Params:         4       0       0       0
      Locals:         3       0       0       0
      Temps:          0       0       0       0
      Totals:         7       0       0       0
Total ram usage:        7 bytes
 Hardware stack levels used:    1
 Hardware stack levels required when called:    2
 This function calls:
		_fputc
 This function is called by:
		_pad
 This function uses a non-reentrant model


 *************** function _fputc *****************
 Defined at:
		line 8 in file "/Applications/microchip/xc8/v2.00/pic/sources/c99/common/nf_fputc.c"
 Parameters:    Size  Location     Type
  c               2    0[COMRAM] int 
  fp              2    2[COMRAM] PTR struct _IO_FILE
		 -> sprintf@f(6), 
 Auto vars:     Size  Location     Type
		None
 Return value:  Size  Location     Type
                  2    0[COMRAM] int 
 Registers used:
		wreg, fsr1l, fsr1h, fsr2l, fsr2h, status,2, status,0, cstack
 Tracked objects:
		On entry : 
		On exit  : 
		Unchanged: 
 Data sizes:     COMRAM   BANK0   BANK1   BANK2
      Params:         4       0       0       0
      Locals:         0       0       0       0
      Temps:          5       0       0       0
      Totals:         9       0       0       0
Total ram usage:        9 bytes
 Hardware stack levels used:    1
 Hardware stack levels required when called:    1
 This function calls:
		_putch
 This function is called by:
		_pad
		_vfpfcnvrt
		_fputs
 This function uses a non-reentrant model


 *************** function _putch *****************
 Defined at:
		line 7 in file "/Applications/microchip/xc8/v2.00/pic/sources/c99/common/putch.c"
 Parameters:    Size  Location     Type
  c               1    wreg     unsigned char 
 Auto vars:     Size  Location     Type
  c               1    0[COMRAM] unsigned char 
 Return value:  Size  Location     Type
                  1    wreg      void 
 Registers used:
		wreg
 Tracked objects:
		On entry : 
		On exit  : 
		Unchanged: 
 Data sizes:     COMRAM   BANK0   BANK1   BANK2
      Params:         0       0       0       0
      Locals:         0       0       0       0
      Temps:          0       0       0       0
      Totals:         0       0       0       0
Total ram usage:        0 bytes
 Hardware stack levels used:    1
 This function calls:
		Nothing
 This function is called by:
		_fputc
 This function uses a non-reentrant model


 *************** function ___lomod *****************
 Defined at:
		line 9 in file "/Applications/microchip/xc8/v2.00/pic/sources/c99/common/lomod.c"
 Parameters:    Size  Location     Type
  dividend        8    0[COMRAM] unsigned long long 
  divisor         8    8[COMRAM] unsigned long long 
 Auto vars:     Size  Location     Type
  counter         1   16[COMRAM] unsigned char 
 Return value:  Size  Location     Type
                  8    0[COMRAM] unsigned long long 
 Registers used:
		wreg, status,2, status,0
 Tracked objects:
		On entry : 
		On exit  : 
		Unchanged: 
 Data sizes:     COMRAM   BANK0   BANK1   BANK2
      Params:        16       0       0       0
      Locals:         1       0       0       0
      Temps:          0       0       0       0
      Totals:        17       0       0       0
Total ram usage:       17 bytes
 Hardware stack levels used:    1
 This function calls:
		Nothing
 This function is called by:
		_utoa
 This function uses a non-reentrant model


 *************** function ___lodiv *****************
 Defined at:
		line 9 in file "/Applications/microchip/xc8/v2.00/pic/sources/c99/common/lodiv.c"
 Parameters:    Size  Location     Type
  dividend        8    0[COMRAM] unsigned long long 
  divisor         8    8[COMRAM] unsigned long long 
 Auto vars:     Size  Location     Type
  quotient        8   16[COMRAM] unsigned long long 
  counter         1   24[COMRAM] unsigned char 
 Return value:  Size  Location     Type
                  8    0[COMRAM] unsigned long long 
 Registers used:
		wreg, fsr2l, fsr2h, status,2, status,0
 Tracked objects:
		On entry : 
		On exit  : 
		Unchanged: 
 Data sizes:     COMRAM   BANK0   BANK1   BANK2
      Params:        16       0       0       0
      Locals:         9       0       0       0
      Temps:          0       0       0       0
      Totals:        25       0       0       0
Total ram usage:       25 bytes
 Hardware stack levels used:    1
 This function calls:
		Nothing
 This function is called by:
		_utoa
 This function uses a non-reentrant model


 *************** function _read_IR *****************
 Defined at:
		line 52 in file "ir.c"
 Parameters:    Size  Location     Type
  values          2    0[COMRAM] PTR struct Sensor_ir
		 -> main@values(4), 
 Auto vars:     Size  Location     Type
		None
 Return value:  Size  Location     Type
                  1    wreg      void 
 Registers used:
		wreg, fsr2l, fsr2h, status,2, status,0
 Tracked objects:
		On entry : 
		On exit  : 
		Unchanged: 
 Data sizes:     COMRAM   BANK0   BANK1   BANK2
      Params:         2       0       0       0
      Locals:         0       0       0       0
      Temps:          2       0       0       0
      Totals:         4       0       0       0
Total ram usage:        4 bytes
 Hardware stack levels used:    1
 This function calls:
		Nothing
 This function is called by:
		_main
 This function uses a non-reentrant model


 *************** function _init_capture *****************
 Defined at:
		line 27 in file "ir.c"
 Parameters:    Size  Location     Type
		None
 Auto vars:     Size  Location     Type
		None
 Return value:  Size  Location     Type
                  1    wreg      void 
 Registers used:
		wreg, status,2
 Tracked objects:
		On entry : 
		On exit  : 
		Unchanged: 
 Data sizes:     COMRAM   BANK0   BANK1   BANK2
      Params:         0       0       0       0
      Locals:         0       0       0       0
      Temps:          0       0       0       0
      Totals:         0       0       0       0
Total ram usage:        0 bytes
 Hardware stack levels used:    1
 This function calls:
		Nothing
 This function is called by:
		_main
 This function uses a non-reentrant model


 *************** function _LCD_string *****************
 Defined at:
		line 105 in file "lcd.c"
 Parameters:    Size  Location     Type
  string          2    4[COMRAM] PTR unsigned char 
		 -> main@buf(16), 
 Auto vars:     Size  Location     Type
		None
 Return value:  Size  Location     Type
                  1    wreg      void 
 Registers used:
		wreg, fsr2l, fsr2h, status,2, status,0, cstack
 Tracked objects:
		On entry : 
		On exit  : 
		Unchanged: 
 Data sizes:     COMRAM   BANK0   BANK1   BANK2
      Params:         2       0       0       0
      Locals:         0       0       0       0
      Temps:          0       0       0       0
      Totals:         2       0       0       0
Total ram usage:        2 bytes
 Hardware stack levels used:    1
 Hardware stack levels required when called:    3
 This function calls:
		_LCD_send
 This function is called by:
		_main
 This function uses a non-reentrant model


 *************** function _LCD_line *****************
 Defined at:
		line 92 in file "lcd.c"
 Parameters:    Size  Location     Type
  line            1    wreg     unsigned char 
 Auto vars:     Size  Location     Type
  line            1    4[COMRAM] unsigned char 
 Return value:  Size  Location     Type
                  1    wreg      void 
 Registers used:
		wreg, status,2, status,0, cstack
 Tracked objects:
		On entry : 
		On exit  : 
		Unchanged: 
 Data sizes:     COMRAM   BANK0   BANK1   BANK2
      Params:         0       0       0       0
      Locals:         1       0       0       0
      Temps:          0       0       0       0
      Totals:         1       0       0       0
Total ram usage:        1 bytes
 Hardware stack levels used:    1
 Hardware stack levels required when called:    3
 This function calls:
		_LCD_send
 This function is called by:
		_main
 This function uses a non-reentrant model


 *************** function _LCD_init *****************
 Defined at:
		line 52 in file "lcd.c"
 Parameters:    Size  Location     Type
		None
 Auto vars:     Size  Location     Type
		None
 Return value:  Size  Location     Type
                  1    wreg      void 
 Registers used:
		wreg, status,2, status,0, cstack
 Tracked objects:
		On entry : 
		On exit  : 
		Unchanged: 
 Data sizes:     COMRAM   BANK0   BANK1   BANK2
      Params:         0       0       0       0
      Locals:         0       0       0       0
      Temps:          1       0       0       0
      Totals:         1       0       0       0
Total ram usage:        1 bytes
 Hardware stack levels used:    1
 Hardware stack levels required when called:    3
 This function calls:
		_LCD_out
		_LCD_send
 This function is called by:
		_main
 This function uses a non-reentrant model


 *************** function _LCD_send *****************
 Defined at:
		line 36 in file "lcd.c"
 Parameters:    Size  Location     Type
  Byte            1    wreg     unsigned char 
  type            1    2[COMRAM] unsigned char 
 Auto vars:     Size  Location     Type
  Byte            1    3[COMRAM] unsigned char 
 Return value:  Size  Location     Type
                  1    wreg      void 
 Registers used:
		wreg, status,2, status,0, cstack
 Tracked objects:
		On entry : 
		On exit  : 
		Unchanged: 
 Data sizes:     COMRAM   BANK0   BANK1   BANK2
      Params:         1       0       0       0
      Locals:         1       0       0       0
      Temps:          0       0       0       0
      Totals:         2       0       0       0
Total ram usage:        2 bytes
 Hardware stack levels used:    1
 Hardware stack levels required when called:    2
 This function calls:
		_LCD_out
 This function is called by:
		_LCD_init
		_LCD_line
		_LCD_string
		_main
		_LCD_clear
 This function uses a non-reentrant model


 *************** function _LCD_out *****************
 Defined at:
		line 19 in file "lcd.c"
 Parameters:    Size  Location     Type
  number          1    wreg     unsigned char 
 Auto vars:     Size  Location     Type
  number          1    1[COMRAM] unsigned char 
 Return value:  Size  Location     Type
                  1    wreg      void 
 Registers used:
		wreg, status,2, status,0, cstack
 Tracked objects:
		On entry : 
		On exit  : 
		Unchanged: 
 Data sizes:     COMRAM   BANK0   BANK1   BANK2
      Params:         0       0       0       0
      Locals:         1       0       0       0
      Temps:          1       0       0       0
      Totals:         2       0       0       0
Total ram usage:        2 bytes
 Hardware stack levels used:    1
 Hardware stack levels required when called:    1
 This function calls:
		_E_TOG
 This function is called by:
		_LCD_send
		_LCD_init
 This function uses a non-reentrant model


 *************** function _E_TOG *****************
 Defined at:
		line 3 in file "lcd.c"
 Parameters:    Size  Location     Type
		None
 Auto vars:     Size  Location     Type
		None
 Return value:  Size  Location     Type
                  1    wreg      void 
 Registers used:
		wreg
 Tracked objects:
		On entry : 
		On exit  : 
		Unchanged: 
 Data sizes:     COMRAM   BANK0   BANK1   BANK2
      Params:         0       0       0       0
      Locals:         0       0       0       0
      Temps:          0       0       0       0
      Totals:         0       0       0       0
Total ram usage:        0 bytes
 Hardware stack levels used:    1
 This function calls:
		Nothing
 This function is called by:
		_LCD_out
 This function uses a non-reentrant model



MODULE INFORMATION

Module		Function		Class		Link	Load	Size
/Applications/microchip/xc8/v2.00/pic/sources/c99/common/strlen.c
		_strlen        		CODE           	0D60	0000	83

/Applications/microchip/xc8/v2.00/pic/sources/c99/common/strlen.c estimated size: 83

/Applications/microchip/xc8/v2.00/pic/sources/c99/common/putch.c
		_putch         		CODE           	0F58	0000	3

/Applications/microchip/xc8/v2.00/pic/sources/c99/common/putch.c estimated size: 3

/Applications/microchip/xc8/v2.00/pic/sources/c99/common/nf_sprintf.c
		_sprintf       		CODE           	0D02	0000	95

/Applications/microchip/xc8/v2.00/pic/sources/c99/common/nf_sprintf.c estimated size: 95

/Applications/microchip/xc8/v2.00/pic/sources/c99/common/lodiv.c
		___lodiv       		CODE           	06E0	0000	261

/Applications/microchip/xc8/v2.00/pic/sources/c99/common/lodiv.c estimated size: 261

/Applications/microchip/xc8/v2.00/pic/sources/c99/common/nf_fputs.c
		_fputs         		CODE           	0E4E	0000	77

/Applications/microchip/xc8/v2.00/pic/sources/c99/common/nf_fputs.c estimated size: 77

/Applications/microchip/xc8/v2.00/pic/sources/c99/common/doprnt.c
		_vfpfcnvrt     		CODE           	053A	0000	423
		_pad           		CODE           	0A90	0000	211
		_vfprintf      		CODE           	0C9C	0000	103
		_utoa          		CODE           	0316	0000	549

/Applications/microchip/xc8/v2.00/pic/sources/c99/common/doprnt.c estimated size: 1286

shared
		__initialization		CODE           	0F0A	0000	17

shared estimated size: 17

ir.c
		_read_IR       		CODE           	0DB2	0000	79
		_init_capture  		CODE           	0F28	0000	27

ir.c estimated size: 106

lcd.c
		_E_TOG         		CODE           	0F42	0000	23
		_LCD_string    		CODE           	0E9A	0000	69
		_LCD_init      		CODE           	07E4	0000	235
		_LCD_out       		CODE           	0C24	0000	121
		_LCD_send      		CODE           	0EDE	0000	45
		_LCD_line      		CODE           	0E00	0000	79

lcd.c estimated size: 572

/Applications/microchip/xc8/v2.00/pic/sources/c99/common/nf_fputc.c
		_fputc         		CODE           	09B2	0000	223

/Applications/microchip/xc8/v2.00/pic/sources/c99/common/nf_fputc.c estimated size: 223

main.c
		_main          		CODE           	0B62	0000	195

main.c estimated size: 195

/Applications/microchip/xc8/v2.00/pic/sources/c99/common/lomod.c
		___lomod       		CODE           	08CE	0000	229

/Applications/microchip/xc8/v2.00/pic/sources/c99/common/lomod.c estimated size: 229

